******************************************************************************
            TI ARM Clang Linker PC v4.0.4                      
******************************************************************************
>> Linked Sun Jul 12 19:50:14 2026

OUTPUT FILE NAME:   <driver.out>
ENTRY POINT SYMBOL: "_c_int00_noargs"  address: 000011d9


MEMORY CONFIGURATION

         name            origin    length      used     unused   attr    fill
----------------------  --------  ---------  --------  --------  ----  --------
  FLASH                 00000000   00020000  000013a0  0001ec60  R  X
  SRAM                  20200000   00008000  000002c9  00007d37  RW X
  BCR_CONFIG            41c00000   000000ff  00000000  000000ff  R   
  BSL_CONFIG            41c00100   00000080  00000000  00000080  R   


SEGMENT ALLOCATION MAP

run origin  load origin   length   init length attrs members
----------  ----------- ---------- ----------- ----- -------
00000000    00000000    000013a0   000013a0    r-x
  00000000    00000000    000000c0   000000c0    r-- .intvecs
  000000c0    000000c0    00001260   00001260    r-x .text
  00001320    00001320    00000050   00000050    r-- .rodata
  00001370    00001370    00000030   00000030    r-- .cinit
20200000    20200000    000000cc   00000000    rw-
  20200000    20200000    000000c1   00000000    rw- .bss
  202000c4    202000c4    00000008   00000000    rw- .data
20207e00    20207e00    00000200   00000000    rw-
  20207e00    20207e00    00000200   00000000    rw- .stack


SECTION ALLOCATION MAP

 output                                  attributes/
section   page    origin      length       input sections
--------  ----  ----------  ----------   ----------------
.intvecs   0    00000000    000000c0     
                  00000000    000000c0     startup_mspm0g350x_ticlang.o (.intvecs)

.text      0    000000c0    00001260     
                  000000c0    000002a8     ti_msp_dl_config.o (.text.SYSCFG_DL_SYSCTL_SYSPLL_init)
                  00000368    000001ec     empty.o (.text.main)
                  00000554    00000104     driverlib.a : dl_timer.o (.text.DL_Timer_initFourCCPWMMode)
                  00000658    000000fc     tracking_controller.o (.text.TrackingController_process)
                  00000754    000000f0     tracking_controller.o (.text.UART0_IRQHandler)
                  00000844    000000dc     driverlib.a : dl_sysctl_mspm0g1x0x_g3x0x.o (.text.DL_SYSCTL_configSYSPLL)
                  00000920    000000d8     stepper_motor.o (.text.StepperMotor_setDirection)
                  000009f8    000000bc     stepper_motor.o (.text.StepperMotor_init)
                  00000ab4    000000a8     ti_msp_dl_config.o (.text.SYSCFG_DL_SYSCTL_init)
                  00000b5c    000000a0     stepper_motor.o (.text.StepperMotor_setMotorStepRate)
                  00000bfc    0000009a     libc.a : memcpy16.S.obj (.text:memcpy)
                  00000c96    00000002     startup_mspm0g350x_ticlang.o (.text.Default_Handler)
                  00000c98    00000080     stepper_motor.o (.text.StepperMotor_start)
                  00000d18    0000007c     libc.a : copy_decompress_lzss.c.obj (.text:decompress:lzss)
                  00000d94    00000070     ti_msp_dl_config.o (.text.SYSCFG_DL_TRACKING_UART_init)
                  00000e04    0000006c     ti_msp_dl_config.o (.text.SYSCFG_DL_PITCH_PWM_init)
                  00000e70    0000006c     ti_msp_dl_config.o (.text.SYSCFG_DL_YAW_PWM_init)
                  00000edc    00000068     tracking_controller.o (.text.TrackingController_init)
                  00000f44    00000050     ti_msp_dl_config.o (.text.SYSCFG_DL_GPIO_init)
                  00000f94    00000048     driverlib.a : dl_uart.o (.text.DL_UART_init)
                  00000fdc    00000048     ti_msp_dl_config.o (.text.SYSCFG_DL_initPower)
                  00001024    00000044     driverlib.a : dl_sysctl_mspm0g1x0x_g3x0x.o (.text.DL_SYSCTL_switchMCLKfromSYSOSCtoHSCLK)
                  00001068    00000040     libclang_rt.builtins.a : aeabi_uidivmod.S.obj (.text.__aeabi_uidivmod)
                  000010a8    0000003c     stepper_motor.o (.text.StepperMotor_hold)
                  000010e4    0000003c     libc.a : autoinit.c.obj (.text:__TI_auto_init_nobinit_nopinit)
                  00001120    00000030     driverlib.a : dl_uart.o (.text.DL_UART_transmitDataBlocking)
                  00001150    00000030     ti_msp_dl_config.o (.text.SYSCFG_DL_init)
                  00001180    00000030     tracking_controller.o (.text.TrackingController_getStatus)
                  000011b0    00000028     ti_msp_dl_config.o (.text.SYSCFG_DL_SYSCTL_CLK_init)
                  000011d8    00000028     libc.a : boot_cortex_m.c.obj (.text:_c_int00_noargs)
                  00001200    00000020     ti_msp_dl_config.o (.text.SYSCFG_DL_SYSTICK_init)
                  00001220    0000001c     driverlib.a : dl_sysctl_mspm0g1x0x_g3x0x.o (.text.DL_SYSCTL_configFCC)
                  0000123c    0000001c                 : dl_timer.o (.text.DL_Timer_setCaptCompUpdateMethod)
                  00001258    0000001c                 : dl_timer.o (.text.DL_Timer_setClockConfig)
                  00001274    00000018                 : dl_timer.o (.text.DL_Timer_setCaptureCompareOutCtl)
                  0000128c    00000016     libc.a : copy_zero_init.c.obj (.text:decompress:ZI:__TI_zero_init_nomemset)
                  000012a2    00000012     driverlib.a : dl_uart.o (.text.DL_UART_setClockConfig)
                  000012b4    00000012     libc.a : copy_decompress_none.c.obj (.text:decompress:none)
                  000012c6    00000002     libclang_rt.builtins.a : aeabi_div0.c.obj (.text.__aeabi_idiv0)
                  000012c8    00000010     driverlib.a : dl_timer.o (.text.DL_Timer_setCaptureCompareValue)
                  000012d8    00000010     tracking_controller.o (.text.SysTick_Handler)
                  000012e8    0000000c     tracking_controller.o (.text.TrackingController_getMilliseconds)
                  000012f4    0000000a     driverlib.a : dl_common.o (.text.DL_Common_delayCycles)
                  000012fe    00000002     --HOLE-- [fill = 0]
                  00001300    00000008     libclang_rt.builtins.a : aeabi_memcpy.S.obj (.text.__aeabi_memcpy)
                  00001308    00000006     libc.a : exit.c.obj (.text:abort)
                  0000130e    00000004     libsysbm.a : hostexit.c.obj (.text.HOSTexit)
                  00001312    00000004     startup_mspm0g350x_ticlang.o (.text.Reset_Handler)
                  00001316    00000004     libc.a : pre_init.c.obj (.text._system_pre_init)
                  0000131a    00000006     --HOLE-- [fill = 0]

.cinit     0    00001370    00000030     
                  00001370    0000000c     (__TI_handler_table)
                  0000137c    0000000a     (.cinit..data.load) [load image, compression = lzss]
                  00001386    00000002     --HOLE-- [fill = 0]
                  00001388    00000008     (.cinit..bss.load) [load image, compression = zero_init]
                  00001390    00000010     (__TI_cinit_table)

.rodata    0    00001320    00000050     
                  00001320    00000028     ti_msp_dl_config.o (.rodata.gSYSPLLConfig)
                  00001348    0000000a     ti_msp_dl_config.o (.rodata.gTRACKING_UARTConfig)
                  00001352    00000002     ti_msp_dl_config.o (.rodata.gTRACKING_UARTClockConfig)
                  00001354    00000008     ti_msp_dl_config.o (.rodata.gPITCH_PWMConfig)
                  0000135c    00000008     ti_msp_dl_config.o (.rodata.gYAW_PWMConfig)
                  00001364    00000003     ti_msp_dl_config.o (.rodata.gPITCH_PWMClockConfig)
                  00001367    00000003     ti_msp_dl_config.o (.rodata.gYAW_PWMClockConfig)
                  0000136a    00000006     --HOLE-- [fill = 0]

.init_array 
*          0    00000000    00000000     UNINITIALIZED

.binit     0    00000000    00000000     

.bss       0    20200000    000000c1     UNINITIALIZED
                  20200000    000000a0     (.common:gYAW_PWMBackup)
                  202000a0    00000004     tracking_controller.o (.bss.gInvalidFrameCount)
                  202000a4    00000004     tracking_controller.o (.bss.gLastFrameTime)
                  202000a8    00000004     tracking_controller.o (.bss.gMilliseconds)
                  202000ac    00000004     tracking_controller.o (.bss.gPayload)
                  202000b0    00000004     tracking_controller.o (.bss.gValidFrameCount)
                  202000b4    00000002     tracking_controller.o (.bss.gErrX)
                  202000b6    00000002     tracking_controller.o (.bss.gErrY)
                  202000b8    00000002     tracking_controller.o (.bss.gPendingErrX)
                  202000ba    00000002     tracking_controller.o (.bss.gPendingErrY)
                  202000bc    00000001     stepper_motor.o (.bss.gDirectionMask)
                  202000bd    00000001     stepper_motor.o (.bss.gEnabledMask)
                  202000be    00000001     tracking_controller.o (.bss.gFrameReady)
                  202000bf    00000001     tracking_controller.o (.bss.gParserState)
                  202000c0    00000001     stepper_motor.o (.bss.gRunningMask)

.data      0    202000c4    00000008     UNINITIALIZED
                  202000c4    00000008     stepper_motor.o (.data.gStepRate)

.stack     0    20207e00    00000200     UNINITIALIZED
                  20207e00    00000004     libc.a : boot_cortex_m.c.obj (.stack)
                  20207e04    000001fc     --HOLE--

__llvm_prf_cnts 
*          0    20200000    00000000     UNINITIALIZED

__llvm_prf_bits 
*          0    20200000    00000000     UNINITIALIZED

MODULE SUMMARY

       Module                         code   ro data   rw data
       ------                         ----   -------   -------
    .\
       ti_msp_dl_config.o             1448   74        160    
       stepper_motor.o                752    0         11     
       tracking_controller.o          672    0         30     
       empty.o                        492    0         0      
       startup_mspm0g350x_ticlang.o   6      192       0      
    +--+------------------------------+------+---------+---------+
       Total:                         3370   266       201    
                                                              
    C:/TI/mspm0_sdk_2_10_00_04/source/ti/driverlib/lib/ticlang/m0p/mspm0g1x0x_g3x0x/driverlib.a
       dl_timer.o                     356    0         0      
       dl_sysctl_mspm0g1x0x_g3x0x.o   316    0         0      
       dl_uart.o                      138    0         0      
       dl_common.o                    10     0         0      
    +--+------------------------------+------+---------+---------+
       Total:                         820    0         0      
                                                              
    E:\ccs\tools\compiler\ti-cgt-armllvm_4.0.4.LTS\lib\armv6m-ti-none-eabi/c/libc.a
       memcpy16.S.obj                 154    0         0      
       copy_decompress_lzss.c.obj     124    0         0      
       autoinit.c.obj                 60     0         0      
       boot_cortex_m.c.obj            40     0         0      
       copy_zero_init.c.obj           22     0         0      
       copy_decompress_none.c.obj     18     0         0      
       exit.c.obj                     6      0         0      
       pre_init.c.obj                 4      0         0      
    +--+------------------------------+------+---------+---------+
       Total:                         428    0         0      
                                                              
    E:\ccs\tools\compiler\ti-cgt-armllvm_4.0.4.LTS\lib\armv6m-ti-none-eabi/c/libsysbm.a
       hostexit.c.obj                 4      0         0      
    +--+------------------------------+------+---------+---------+
       Total:                         4      0         0      
                                                              
    E:\ccs\tools\compiler\ti-cgt-armllvm_4.0.4.LTS\lib\armv6m-ti-none-eabi/libclang_rt.builtins.a
       aeabi_uidivmod.S.obj           64     0         0      
       aeabi_memcpy.S.obj             8      0         0      
       aeabi_div0.c.obj               2      0         0      
    +--+------------------------------+------+---------+---------+
       Total:                         74     0         0      
                                                              
       Stack:                         0      0         512    
       Linker Generated:              0      46        0      
    +--+------------------------------+------+---------+---------+
       Grand Total:                   4696   312       713    


LINKER GENERATED COPY TABLES

__TI_cinit_table @ 00001390 records: 2, size/record: 8, table size: 16
	.data: load addr=0000137c, load size=0000000a bytes, run addr=202000c4, run size=00000008 bytes, compression=lzss
	.bss: load addr=00001388, load size=00000008 bytes, run addr=20200000, run size=000000c1 bytes, compression=zero_init


LINKER GENERATED HANDLER TABLE

__TI_handler_table @ 00001370 records: 3, size/record: 4, table size: 12
	index: 0, handler: __TI_decompress_lzss
	index: 1, handler: __TI_decompress_none
	index: 2, handler: __TI_zero_init


GLOBAL SYMBOLS: SORTED ALPHABETICALLY BY Name 

address   name                                 
-------   ----                                 
00000c97  ADC0_IRQHandler                      
00000c97  ADC1_IRQHandler                      
00000c97  AES_IRQHandler                       
0000130e  C$$EXIT                              
00000c97  CANFD0_IRQHandler                    
00000c97  DAC0_IRQHandler                      
000012f5  DL_Common_delayCycles                
00001221  DL_SYSCTL_configFCC                  
00000845  DL_SYSCTL_configSYSPLL               
00001025  DL_SYSCTL_switchMCLKfromSYSOSCtoHSCLK
00000555  DL_Timer_initFourCCPWMMode           
0000123d  DL_Timer_setCaptCompUpdateMethod     
00001275  DL_Timer_setCaptureCompareOutCtl     
000012c9  DL_Timer_setCaptureCompareValue      
00001259  DL_Timer_setClockConfig              
00000f95  DL_UART_init                         
000012a3  DL_UART_setClockConfig               
00001121  DL_UART_transmitDataBlocking         
00000c97  DMA_IRQHandler                       
00000c97  Default_Handler                      
00000c97  GROUP0_IRQHandler                    
00000c97  GROUP1_IRQHandler                    
0000130f  HOSTexit                             
00000c97  HardFault_Handler                    
00000c97  I2C0_IRQHandler                      
00000c97  I2C1_IRQHandler                      
00000c97  NMI_Handler                          
00000c97  PendSV_Handler                       
00000c97  RTC_IRQHandler                       
00001313  Reset_Handler                        
00000c97  SPI0_IRQHandler                      
00000c97  SPI1_IRQHandler                      
00000c97  SVC_Handler                          
00000f45  SYSCFG_DL_GPIO_init                  
00000e05  SYSCFG_DL_PITCH_PWM_init             
000011b1  SYSCFG_DL_SYSCTL_CLK_init            
000000c1  SYSCFG_DL_SYSCTL_SYSPLL_init         
00000ab5  SYSCFG_DL_SYSCTL_init                
00001201  SYSCFG_DL_SYSTICK_init               
00000d95  SYSCFG_DL_TRACKING_UART_init         
00000e71  SYSCFG_DL_YAW_PWM_init               
00001151  SYSCFG_DL_init                       
00000fdd  SYSCFG_DL_initPower                  
000010a9  StepperMotor_hold                    
000009f9  StepperMotor_init                    
00000921  StepperMotor_setDirection            
00000b5d  StepperMotor_setMotorStepRate        
00000c99  StepperMotor_start                   
000012d9  SysTick_Handler                      
00000c97  TIMA0_IRQHandler                     
00000c97  TIMA1_IRQHandler                     
00000c97  TIMG0_IRQHandler                     
00000c97  TIMG12_IRQHandler                    
00000c97  TIMG6_IRQHandler                     
00000c97  TIMG7_IRQHandler                     
00000c97  TIMG8_IRQHandler                     
000012e9  TrackingController_getMilliseconds   
00001181  TrackingController_getStatus         
00000edd  TrackingController_init              
00000659  TrackingController_process           
00000755  UART0_IRQHandler                     
00000c97  UART1_IRQHandler                     
00000c97  UART2_IRQHandler                     
00000c97  UART3_IRQHandler                     
20208000  __STACK_END                          
00000200  __STACK_SIZE                         
00000000  __TI_ATRegion0_region_sz             
00000000  __TI_ATRegion0_src_addr              
00000000  __TI_ATRegion0_trg_addr              
00000000  __TI_ATRegion1_region_sz             
00000000  __TI_ATRegion1_src_addr              
00000000  __TI_ATRegion1_trg_addr              
00000000  __TI_ATRegion2_region_sz             
00000000  __TI_ATRegion2_src_addr              
00000000  __TI_ATRegion2_trg_addr              
00001390  __TI_CINIT_Base                      
000013a0  __TI_CINIT_Limit                     
000013a0  __TI_CINIT_Warm                      
00001370  __TI_Handler_Table_Base              
0000137c  __TI_Handler_Table_Limit             
000010e5  __TI_auto_init_nobinit_nopinit       
00000d19  __TI_decompress_lzss                 
000012b5  __TI_decompress_none                 
ffffffff  __TI_pprof_out_hndl                  
ffffffff  __TI_prof_data_size                  
ffffffff  __TI_prof_data_start                 
00000000  __TI_static_base__                   
0000128d  __TI_zero_init_nomemset              
000012c7  __aeabi_idiv0                        
00001301  __aeabi_memcpy                       
00001301  __aeabi_memcpy4                      
00001301  __aeabi_memcpy8                      
00001069  __aeabi_uidiv                        
00001069  __aeabi_uidivmod                     
ffffffff  __binit__                            
UNDEFED   __mpu_init                           
20207e00  __stack                              
20200000  __start___llvm_prf_bits              
20200000  __start___llvm_prf_cnts              
20200000  __stop___llvm_prf_bits               
20200000  __stop___llvm_prf_cnts               
000011d9  _c_int00_noargs                      
UNDEFED   _system_post_cinit                   
00001317  _system_pre_init                     
00001309  abort                                
ffffffff  binit                                
20200000  gYAW_PWMBackup                       
00000000  interruptVectors                     
00000369  main                                 
00000bfd  memcpy                               


GLOBAL SYMBOLS: SORTED BY Symbol Address 

address   name                                 
-------   ----                                 
00000000  __TI_ATRegion0_region_sz             
00000000  __TI_ATRegion0_src_addr              
00000000  __TI_ATRegion0_trg_addr              
00000000  __TI_ATRegion1_region_sz             
00000000  __TI_ATRegion1_src_addr              
00000000  __TI_ATRegion1_trg_addr              
00000000  __TI_ATRegion2_region_sz             
00000000  __TI_ATRegion2_src_addr              
00000000  __TI_ATRegion2_trg_addr              
00000000  __TI_static_base__                   
00000000  interruptVectors                     
000000c1  SYSCFG_DL_SYSCTL_SYSPLL_init         
00000200  __STACK_SIZE                         
00000369  main                                 
00000555  DL_Timer_initFourCCPWMMode           
00000659  TrackingController_process           
00000755  UART0_IRQHandler                     
00000845  DL_SYSCTL_configSYSPLL               
00000921  StepperMotor_setDirection            
000009f9  StepperMotor_init                    
00000ab5  SYSCFG_DL_SYSCTL_init                
00000b5d  StepperMotor_setMotorStepRate        
00000bfd  memcpy                               
00000c97  ADC0_IRQHandler                      
00000c97  ADC1_IRQHandler                      
00000c97  AES_IRQHandler                       
00000c97  CANFD0_IRQHandler                    
00000c97  DAC0_IRQHandler                      
00000c97  DMA_IRQHandler                       
00000c97  Default_Handler                      
00000c97  GROUP0_IRQHandler                    
00000c97  GROUP1_IRQHandler                    
00000c97  HardFault_Handler                    
00000c97  I2C0_IRQHandler                      
00000c97  I2C1_IRQHandler                      
00000c97  NMI_Handler                          
00000c97  PendSV_Handler                       
00000c97  RTC_IRQHandler                       
00000c97  SPI0_IRQHandler                      
00000c97  SPI1_IRQHandler                      
00000c97  SVC_Handler                          
00000c97  TIMA0_IRQHandler                     
00000c97  TIMA1_IRQHandler                     
00000c97  TIMG0_IRQHandler                     
00000c97  TIMG12_IRQHandler                    
00000c97  TIMG6_IRQHandler                     
00000c97  TIMG7_IRQHandler                     
00000c97  TIMG8_IRQHandler                     
00000c97  UART1_IRQHandler                     
00000c97  UART2_IRQHandler                     
00000c97  UART3_IRQHandler                     
00000c99  StepperMotor_start                   
00000d19  __TI_decompress_lzss                 
00000d95  SYSCFG_DL_TRACKING_UART_init         
00000e05  SYSCFG_DL_PITCH_PWM_init             
00000e71  SYSCFG_DL_YAW_PWM_init               
00000edd  TrackingController_init              
00000f45  SYSCFG_DL_GPIO_init                  
00000f95  DL_UART_init                         
00000fdd  SYSCFG_DL_initPower                  
00001025  DL_SYSCTL_switchMCLKfromSYSOSCtoHSCLK
00001069  __aeabi_uidiv                        
00001069  __aeabi_uidivmod                     
000010a9  StepperMotor_hold                    
000010e5  __TI_auto_init_nobinit_nopinit       
00001121  DL_UART_transmitDataBlocking         
00001151  SYSCFG_DL_init                       
00001181  TrackingController_getStatus         
000011b1  SYSCFG_DL_SYSCTL_CLK_init            
000011d9  _c_int00_noargs                      
00001201  SYSCFG_DL_SYSTICK_init               
00001221  DL_SYSCTL_configFCC                  
0000123d  DL_Timer_setCaptCompUpdateMethod     
00001259  DL_Timer_setClockConfig              
00001275  DL_Timer_setCaptureCompareOutCtl     
0000128d  __TI_zero_init_nomemset              
000012a3  DL_UART_setClockConfig               
000012b5  __TI_decompress_none                 
000012c7  __aeabi_idiv0                        
000012c9  DL_Timer_setCaptureCompareValue      
000012d9  SysTick_Handler                      
000012e9  TrackingController_getMilliseconds   
000012f5  DL_Common_delayCycles                
00001301  __aeabi_memcpy                       
00001301  __aeabi_memcpy4                      
00001301  __aeabi_memcpy8                      
00001309  abort                                
0000130e  C$$EXIT                              
0000130f  HOSTexit                             
00001313  Reset_Handler                        
00001317  _system_pre_init                     
00001370  __TI_Handler_Table_Base              
0000137c  __TI_Handler_Table_Limit             
00001390  __TI_CINIT_Base                      
000013a0  __TI_CINIT_Limit                     
000013a0  __TI_CINIT_Warm                      
20200000  __start___llvm_prf_bits              
20200000  __start___llvm_prf_cnts              
20200000  __stop___llvm_prf_bits               
20200000  __stop___llvm_prf_cnts               
20200000  gYAW_PWMBackup                       
20207e00  __stack                              
20208000  __STACK_END                          
ffffffff  __TI_pprof_out_hndl                  
ffffffff  __TI_prof_data_size                  
ffffffff  __TI_prof_data_start                 
ffffffff  __binit__                            
ffffffff  binit                                
UNDEFED   __mpu_init                           
UNDEFED   _system_post_cinit                   

[110 symbols]
