<?xml version="1.0" encoding="ISO-8859-1" ?>
<link_info>
   <banner>TI ARM Clang Linker PC v4.0.4.LTS</banner>
   <copyright>Copyright (c) 1996-2018 Texas Instruments Incorporated</copyright>
   <command_line>E:\ccs\tools\compiler\ti-cgt-armllvm_4.0.4.LTS\bin\tiarmlnk -IE:\ccs\tools\compiler\ti-cgt-armllvm_4.0.4.LTS\lib -o driver.out -mdriver.map -iE:/mspm0_sdk_2_11_00_07/source -iC:/Users/Administrator/workspace_ccstheia/driver -iC:/Users/Administrator/workspace_ccstheia/driver/Debug/syscfg -iE:/ccs/tools/compiler/ti-cgt-armllvm_4.0.4.LTS/lib --diag_wrap=off --display_error_number --warn_sections --xml_link_info=driver_linkInfo.xml --rom_model ./buttons.o ./chassis_motor.o ./empty.o ./ti_msp_dl_config.o ./startup_mspm0g350x_ticlang.o ./imu601.o ./line_follower.o ./line_sensor.o ./oled.o ./path_navigation.o ./stepper_motor.o ./tracking_controller.o ../path_flash.cmd -l./device_linker.cmd -ldevice.cmd.genlibs -llibc.a --start-group -llibc++.a -llibc++abi.a -llibc.a -llibsys.a -llibsysbm.a -llibclang_rt.builtins.a -llibclang_rt.profile.a --end-group --cg_opt_level=2</command_line>
   <link_time>0x6a5f1bd6</link_time>
   <link_errors>0x0</link_errors>
   <output_file>C:\Users\Administrator\workspace_ccstheia\driver\Debug\driver.out</output_file>
   <entry_point>
      <name>_c_int00_noargs</name>
      <address>0x60b9</address>
   </entry_point>
   <input_file_list>
      <input_file id="fl-1">
         <path>C:\Users\Administrator\workspace_ccstheia\driver\Debug\.\</path>
         <kind>object</kind>
         <file>buttons.o</file>
         <name>buttons.o</name>
      </input_file>
      <input_file id="fl-2">
         <path>C:\Users\Administrator\workspace_ccstheia\driver\Debug\.\</path>
         <kind>object</kind>
         <file>chassis_motor.o</file>
         <name>chassis_motor.o</name>
      </input_file>
      <input_file id="fl-3">
         <path>C:\Users\Administrator\workspace_ccstheia\driver\Debug\.\</path>
         <kind>object</kind>
         <file>empty.o</file>
         <name>empty.o</name>
      </input_file>
      <input_file id="fl-4">
         <path>C:\Users\Administrator\workspace_ccstheia\driver\Debug\.\</path>
         <kind>object</kind>
         <file>ti_msp_dl_config.o</file>
         <name>ti_msp_dl_config.o</name>
      </input_file>
      <input_file id="fl-5">
         <path>C:\Users\Administrator\workspace_ccstheia\driver\Debug\.\</path>
         <kind>object</kind>
         <file>startup_mspm0g350x_ticlang.o</file>
         <name>startup_mspm0g350x_ticlang.o</name>
      </input_file>
      <input_file id="fl-6">
         <path>C:\Users\Administrator\workspace_ccstheia\driver\Debug\.\</path>
         <kind>object</kind>
         <file>imu601.o</file>
         <name>imu601.o</name>
      </input_file>
      <input_file id="fl-7">
         <path>C:\Users\Administrator\workspace_ccstheia\driver\Debug\.\</path>
         <kind>object</kind>
         <file>line_follower.o</file>
         <name>line_follower.o</name>
      </input_file>
      <input_file id="fl-8">
         <path>C:\Users\Administrator\workspace_ccstheia\driver\Debug\.\</path>
         <kind>object</kind>
         <file>line_sensor.o</file>
         <name>line_sensor.o</name>
      </input_file>
      <input_file id="fl-9">
         <path>C:\Users\Administrator\workspace_ccstheia\driver\Debug\.\</path>
         <kind>object</kind>
         <file>oled.o</file>
         <name>oled.o</name>
      </input_file>
      <input_file id="fl-a">
         <path>C:\Users\Administrator\workspace_ccstheia\driver\Debug\.\</path>
         <kind>object</kind>
         <file>path_navigation.o</file>
         <name>path_navigation.o</name>
      </input_file>
      <input_file id="fl-b">
         <path>C:\Users\Administrator\workspace_ccstheia\driver\Debug\.\</path>
         <kind>object</kind>
         <file>stepper_motor.o</file>
         <name>stepper_motor.o</name>
      </input_file>
      <input_file id="fl-c">
         <path>C:\Users\Administrator\workspace_ccstheia\driver\Debug\.\</path>
         <kind>object</kind>
         <file>tracking_controller.o</file>
         <name>tracking_controller.o</name>
      </input_file>
      <input_file id="fl-1a">
         <path>C:\Users\Administrator\workspace_ccstheia\driver\Debug\</path>
         <kind>object</kind>
         <file>&lt;internal&gt;</file>
         <name>&lt;internal&gt;</name>
      </input_file>
      <input_file id="fl-1b">
         <path>E:\mspm0_sdk_2_11_00_07\source\ti\driverlib\lib\ticlang\m0p\mspm0g1x0x_g3x0x\</path>
         <kind>archive</kind>
         <file>driverlib.a</file>
         <name>dl_common.o</name>
      </input_file>
      <input_file id="fl-1c">
         <path>E:\mspm0_sdk_2_11_00_07\source\ti\driverlib\lib\ticlang\m0p\mspm0g1x0x_g3x0x\</path>
         <kind>archive</kind>
         <file>driverlib.a</file>
         <name>dl_flashctl.o</name>
      </input_file>
      <input_file id="fl-1d">
         <path>E:\mspm0_sdk_2_11_00_07\source\ti\driverlib\lib\ticlang\m0p\mspm0g1x0x_g3x0x\</path>
         <kind>archive</kind>
         <file>driverlib.a</file>
         <name>dl_i2c.o</name>
      </input_file>
      <input_file id="fl-1e">
         <path>E:\mspm0_sdk_2_11_00_07\source\ti\driverlib\lib\ticlang\m0p\mspm0g1x0x_g3x0x\</path>
         <kind>archive</kind>
         <file>driverlib.a</file>
         <name>dl_timer.o</name>
      </input_file>
      <input_file id="fl-1f">
         <path>E:\mspm0_sdk_2_11_00_07\source\ti\driverlib\lib\ticlang\m0p\mspm0g1x0x_g3x0x\</path>
         <kind>archive</kind>
         <file>driverlib.a</file>
         <name>dl_uart.o</name>
      </input_file>
      <input_file id="fl-20">
         <path>E:\mspm0_sdk_2_11_00_07\source\ti\driverlib\lib\ticlang\m0p\mspm0g1x0x_g3x0x\</path>
         <kind>archive</kind>
         <file>driverlib.a</file>
         <name>dl_sysctl_mspm0g1x0x_g3x0x.o</name>
      </input_file>
      <input_file id="fl-37">
         <path>E:\ccs\tools\compiler\ti-cgt-armllvm_4.0.4.LTS\lib\armv6m-ti-none-eabi\c\</path>
         <kind>archive</kind>
         <file>libc.a</file>
         <name>boot_cortex_m.c.obj</name>
      </input_file>
      <input_file id="fl-38">
         <path>E:\ccs\tools\compiler\ti-cgt-armllvm_4.0.4.LTS\lib\armv6m-ti-none-eabi\c\</path>
         <kind>archive</kind>
         <file>libc.a</file>
         <name>mathacl_init.c.obj</name>
      </input_file>
      <input_file id="fl-39">
         <path>E:\ccs\tools\compiler\ti-cgt-armllvm_4.0.4.LTS\lib\armv6m-ti-none-eabi\c\</path>
         <kind>archive</kind>
         <file>libc.a</file>
         <name>autoinit.c.obj</name>
      </input_file>
      <input_file id="fl-3a">
         <path>E:\ccs\tools\compiler\ti-cgt-armllvm_4.0.4.LTS\lib\armv6m-ti-none-eabi\c\</path>
         <kind>archive</kind>
         <file>libc.a</file>
         <name>pre_init.c.obj</name>
      </input_file>
      <input_file id="fl-3b">
         <path>E:\ccs\tools\compiler\ti-cgt-armllvm_4.0.4.LTS\lib\armv6m-ti-none-eabi\c\</path>
         <kind>archive</kind>
         <file>libc.a</file>
         <name>cpy_tbl.c.obj</name>
      </input_file>
      <input_file id="fl-3c">
         <path>E:\ccs\tools\compiler\ti-cgt-armllvm_4.0.4.LTS\lib\armv6m-ti-none-eabi\c\</path>
         <kind>archive</kind>
         <file>libc.a</file>
         <name>copy_zero_init.c.obj</name>
      </input_file>
      <input_file id="fl-3d">
         <path>E:\ccs\tools\compiler\ti-cgt-armllvm_4.0.4.LTS\lib\armv6m-ti-none-eabi\c\</path>
         <kind>archive</kind>
         <file>libc.a</file>
         <name>copy_decompress_none.c.obj</name>
      </input_file>
      <input_file id="fl-3e">
         <path>E:\ccs\tools\compiler\ti-cgt-armllvm_4.0.4.LTS\lib\armv6m-ti-none-eabi\c\</path>
         <kind>archive</kind>
         <file>libc.a</file>
         <name>copy_decompress_lzss.c.obj</name>
      </input_file>
      <input_file id="fl-3f">
         <path>E:\ccs\tools\compiler\ti-cgt-armllvm_4.0.4.LTS\lib\armv6m-ti-none-eabi\c\</path>
         <kind>archive</kind>
         <file>libc.a</file>
         <name>exit.c.obj</name>
      </input_file>
      <input_file id="fl-40">
         <path>E:\ccs\tools\compiler\ti-cgt-armllvm_4.0.4.LTS\lib\armv6m-ti-none-eabi\c\</path>
         <kind>archive</kind>
         <file>libc.a</file>
         <name>_lock.c.obj</name>
      </input_file>
      <input_file id="fl-41">
         <path>E:\ccs\tools\compiler\ti-cgt-armllvm_4.0.4.LTS\lib\armv6m-ti-none-eabi\c\</path>
         <kind>archive</kind>
         <file>libc.a</file>
         <name>args_main.c.obj</name>
      </input_file>
      <input_file id="fl-e1">
         <path>E:\ccs\tools\compiler\ti-cgt-armllvm_4.0.4.LTS\lib\armv6m-ti-none-eabi\c\</path>
         <kind>archive</kind>
         <file>libsysbm.a</file>
         <name>hostexit.c.obj</name>
      </input_file>
      <input_file id="fl-e2">
         <path>E:\ccs\tools\compiler\ti-cgt-armllvm_4.0.4.LTS\lib\armv6m-ti-none-eabi\</path>
         <kind>archive</kind>
         <file>libclang_rt.builtins.a</file>
         <name>aeabi_idivmod.S.obj</name>
      </input_file>
      <input_file id="fl-e3">
         <path>E:\ccs\tools\compiler\ti-cgt-armllvm_4.0.4.LTS\lib\armv6m-ti-none-eabi\</path>
         <kind>archive</kind>
         <file>libclang_rt.builtins.a</file>
         <name>aeabi_memcpy.S.obj</name>
      </input_file>
      <input_file id="fl-e4">
         <path>E:\ccs\tools\compiler\ti-cgt-armllvm_4.0.4.LTS\lib\armv6m-ti-none-eabi\</path>
         <kind>archive</kind>
         <file>libclang_rt.builtins.a</file>
         <name>aeabi_memset.S.obj</name>
      </input_file>
      <input_file id="fl-e5">
         <path>E:\ccs\tools\compiler\ti-cgt-armllvm_4.0.4.LTS\lib\armv6m-ti-none-eabi\</path>
         <kind>archive</kind>
         <file>libclang_rt.builtins.a</file>
         <name>aeabi_uidivmod.S.obj</name>
      </input_file>
      <input_file id="fl-e6">
         <path>E:\ccs\tools\compiler\ti-cgt-armllvm_4.0.4.LTS\lib\armv6m-ti-none-eabi\</path>
         <kind>archive</kind>
         <file>libclang_rt.builtins.a</file>
         <name>aeabi_div0.c.obj</name>
      </input_file>
      <input_file id="fl-e7">
         <path>E:\ccs\tools\compiler\ti-cgt-armllvm_4.0.4.LTS\lib\armv6m-ti-none-eabi\c\</path>
         <kind>archive</kind>
         <file>libc.a</file>
         <name>memcpy16.S.obj</name>
      </input_file>
      <input_file id="fl-e8">
         <path>E:\ccs\tools\compiler\ti-cgt-armllvm_4.0.4.LTS\lib\armv6m-ti-none-eabi\c\</path>
         <kind>archive</kind>
         <file>libc.a</file>
         <name>memset16.S.obj</name>
      </input_file>
   </input_file_list>
   <object_component_list>
      <object_component id="oc-30">
         <name>.path_flash_reserve</name>
         <load_address>0x1e000</load_address>
         <readonly>true</readonly>
         <run_address>0x1e000</run_address>
         <size>0x2000</size>
         <alignment>0x1</alignment>
         <input_file_ref idref="fl-a"/>
      </object_component>
      <object_component id="oc-19">
         <name>.intvecs</name>
         <load_address>0x0</load_address>
         <readonly>true</readonly>
         <run_address>0x0</run_address>
         <size>0xc0</size>
         <alignment>0x4</alignment>
         <input_file_ref idref="fl-5"/>
      </object_component>
      <object_component id="oc-93">
         <name>.text.main</name>
         <load_address>0xc0</load_address>
         <readonly>true</readonly>
         <executable>true</executable>
         <run_address>0xc0</run_address>
         <size>0x1e18</size>
         <alignment>0x4</alignment>
         <input_file_ref idref="fl-3"/>
      </object_component>
      <object_component id="oc-e2">
         <name>.text.PathNavigation_process</name>
         <load_address>0x1ed8</load_address>
         <readonly>true</readonly>
         <executable>true</executable>
         <run_address>0x1ed8</run_address>
         <size>0x4f4</size>
         <alignment>0x4</alignment>
         <input_file_ref idref="fl-a"/>
      </object_component>
      <object_component id="oc-dc">
         <name>.text.PathNavigation_finishRecording</name>
         <load_address>0x23cc</load_address>
         <readonly>true</readonly>
         <executable>true</executable>
         <run_address>0x23cc</run_address>
         <size>0x3b0</size>
         <alignment>0x4</alignment>
         <input_file_ref idref="fl-a"/>
      </object_component>
      <object_component id="oc-42">
         <name>.text.UART1_IRQHandler</name>
         <load_address>0x277c</load_address>
         <readonly>true</readonly>
         <executable>true</executable>
         <run_address>0x277c</run_address>
         <size>0x384</size>
         <alignment>0x4</alignment>
         <input_file_ref idref="fl-2"/>
      </object_component>
      <object_component id="oc-1da">
         <name>.text.SYSCFG_DL_SYSCTL_SYSPLL_init</name>
         <load_address>0x2b00</load_address>
         <readonly>true</readonly>
         <executable>true</executable>
         <run_address>0x2b00</run_address>
         <size>0x2a8</size>
         <alignment>0x4</alignment>
         <input_file_ref idref="fl-4"/>
      </object_component>
      <object_component id="oc-15d">
         <name>.text.sendFrame</name>
         <load_address>0x2da8</load_address>
         <readonly>true</readonly>
         <executable>true</executable>
         <run_address>0x2da8</run_address>
         <size>0x274</size>
         <alignment>0x4</alignment>
         <input_file_ref idref="fl-2"/>
      </object_component>
      <object_component id="oc-1a9">
         <name>.text.processReplayStraight</name>
         <load_address>0x301c</load_address>
         <readonly>true</readonly>
         <executable>true</executable>
         <run_address>0x301c</run_address>
         <size>0x248</size>
         <alignment>0x4</alignment>
         <input_file_ref idref="fl-a"/>
      </object_component>
      <object_component id="oc-19a">
         <name>.text.LineFollower_getObservation</name>
         <load_address>0x3264</load_address>
         <readonly>true</readonly>
         <executable>true</executable>
         <run_address>0x3264</run_address>
         <size>0x204</size>
         <alignment>0x4</alignment>
         <input_file_ref idref="fl-7"/>
      </object_component>
      <object_component id="oc-bc">
         <name>.text.ChassisMotor_init</name>
         <load_address>0x3468</load_address>
         <readonly>true</readonly>
         <executable>true</executable>
         <run_address>0x3468</run_address>
         <size>0x1f8</size>
         <alignment>0x4</alignment>
         <input_file_ref idref="fl-2"/>
      </object_component>
      <object_component id="oc-cd">
         <name>.text.IMU601_init</name>
         <load_address>0x3660</load_address>
         <readonly>true</readonly>
         <executable>true</executable>
         <run_address>0x3660</run_address>
         <size>0x1f4</size>
         <alignment>0x4</alignment>
         <input_file_ref idref="fl-6"/>
      </object_component>
      <object_component id="oc-1b1">
         <name>.text.ChassisMotor_setDifferential</name>
         <load_address>0x3854</load_address>
         <readonly>true</readonly>
         <executable>true</executable>
         <run_address>0x3854</run_address>
         <size>0x1e4</size>
         <alignment>0x4</alignment>
         <input_file_ref idref="fl-2"/>
      </object_component>
      <object_component id="oc-df">
         <name>.text.PathNavigation_startReplay</name>
         <load_address>0x3a38</load_address>
         <readonly>true</readonly>
         <executable>true</executable>
         <run_address>0x3a38</run_address>
         <size>0x1c4</size>
         <alignment>0x4</alignment>
         <input_file_ref idref="fl-a"/>
      </object_component>
      <object_component id="oc-e0">
         <name>.text.PathNavigation_startRecording</name>
         <load_address>0x3bfc</load_address>
         <readonly>true</readonly>
         <executable>true</executable>
         <run_address>0x3bfc</run_address>
         <size>0x1c0</size>
         <alignment>0x4</alignment>
         <input_file_ref idref="fl-a"/>
      </object_component>
      <object_component id="oc-d0">
         <name>.text.OLED_ShowString</name>
         <load_address>0x3dbc</load_address>
         <readonly>true</readonly>
         <executable>true</executable>
         <run_address>0x3dbc</run_address>
         <size>0x1a4</size>
         <alignment>0x4</alignment>
         <input_file_ref idref="fl-9"/>
      </object_component>
      <object_component id="oc-1aa">
         <name>.text.processReplayTurn</name>
         <load_address>0x3f60</load_address>
         <readonly>true</readonly>
         <executable>true</executable>
         <run_address>0x3f60</run_address>
         <size>0x154</size>
         <alignment>0x4</alignment>
         <input_file_ref idref="fl-a"/>
      </object_component>
      <object_component id="oc-e6">
         <name>.text.OLED_Process</name>
         <load_address>0x40b4</load_address>
         <readonly>true</readonly>
         <executable>true</executable>
         <run_address>0x40b4</run_address>
         <size>0x148</size>
         <alignment>0x4</alignment>
         <input_file_ref idref="fl-9"/>
      </object_component>
      <object_component id="oc-1ab">
         <name>.text.processReplayAlignment</name>
         <load_address>0x41fc</load_address>
         <readonly>true</readonly>
         <executable>true</executable>
         <run_address>0x41fc</run_address>
         <size>0x130</size>
         <alignment>0x4</alignment>
         <input_file_ref idref="fl-a"/>
      </object_component>
      <object_component id="oc-1ac">
         <name>.text.processReplayAdvance</name>
         <load_address>0x432c</load_address>
         <readonly>true</readonly>
         <executable>true</executable>
         <run_address>0x432c</run_address>
         <size>0x124</size>
         <alignment>0x4</alignment>
         <input_file_ref idref="fl-a"/>
      </object_component>
      <object_component id="oc-b0">
         <name>.text.OLED_Init</name>
         <load_address>0x4450</load_address>
         <readonly>true</readonly>
         <executable>true</executable>
         <run_address>0x4450</run_address>
         <size>0x114</size>
         <alignment>0x4</alignment>
         <input_file_ref idref="fl-9"/>
      </object_component>
      <object_component id="oc-127">
         <name>.text.SYSCFG_DL_GPIO_init</name>
         <load_address>0x4564</load_address>
         <readonly>true</readonly>
         <executable>true</executable>
         <run_address>0x4564</run_address>
         <size>0x114</size>
         <alignment>0x4</alignment>
         <input_file_ref idref="fl-4"/>
      </object_component>
      <object_component id="oc-17a">
         <name>.text.profileValid</name>
         <load_address>0x4678</load_address>
         <readonly>true</readonly>
         <executable>true</executable>
         <run_address>0x4678</run_address>
         <size>0x114</size>
         <alignment>0x4</alignment>
         <input_file_ref idref="fl-a"/>
      </object_component>
      <object_component id="oc-e1">
         <name>.text.TrackingController_process</name>
         <load_address>0x478c</load_address>
         <readonly>true</readonly>
         <executable>true</executable>
         <run_address>0x478c</run_address>
         <size>0x108</size>
         <alignment>0x4</alignment>
         <input_file_ref idref="fl-c"/>
      </object_component>
      <object_component id="oc-1de">
         <name>.text.DL_Timer_initFourCCPWMMode</name>
         <load_address>0x4894</load_address>
         <readonly>true</readonly>
         <executable>true</executable>
         <run_address>0x4894</run_address>
         <size>0x104</size>
         <alignment>0x4</alignment>
         <input_file_ref idref="fl-1e"/>
      </object_component>
      <object_component id="oc-13f">
         <name>.text.writePacket</name>
         <load_address>0x4998</load_address>
         <readonly>true</readonly>
         <executable>true</executable>
         <run_address>0x4998</run_address>
         <size>0x104</size>
         <alignment>0x4</alignment>
         <input_file_ref idref="fl-9"/>
      </object_component>
      <object_component id="oc-48">
         <name>.text.UART0_IRQHandler</name>
         <load_address>0x4a9c</load_address>
         <readonly>true</readonly>
         <executable>true</executable>
         <run_address>0x4a9c</run_address>
         <size>0xf0</size>
         <alignment>0x4</alignment>
         <input_file_ref idref="fl-c"/>
      </object_component>
      <object_component id="oc-3c">
         <name>.text.UART3_IRQHandler</name>
         <load_address>0x4b8c</load_address>
         <readonly>true</readonly>
         <executable>true</executable>
         <run_address>0x4b8c</run_address>
         <size>0xf0</size>
         <alignment>0x4</alignment>
         <input_file_ref idref="fl-6"/>
      </object_component>
      <object_component id="oc-1d4">
         <name>.text.DL_SYSCTL_configSYSPLL</name>
         <load_address>0x4c7c</load_address>
         <readonly>true</readonly>
         <executable>true</executable>
         <run_address>0x4c7c</run_address>
         <size>0xdc</size>
         <alignment>0x4</alignment>
         <input_file_ref idref="fl-20"/>
      </object_component>
      <object_component id="oc-18f">
         <name>.text.DL_FlashCTL_unprotectSector</name>
         <load_address>0x4d58</load_address>
         <readonly>true</readonly>
         <executable>true</executable>
         <run_address>0x4d58</run_address>
         <size>0xd8</size>
         <alignment>0x4</alignment>
         <input_file_ref idref="fl-1c"/>
      </object_component>
      <object_component id="oc-1a7">
         <name>.text.StepperMotor_setDirection</name>
         <load_address>0x4e30</load_address>
         <readonly>true</readonly>
         <executable>true</executable>
         <run_address>0x4e30</run_address>
         <size>0xd8</size>
         <alignment>0x4</alignment>
         <input_file_ref idref="fl-b"/>
      </object_component>
      <object_component id="oc-d6">
         <name>.text.PathNavigation_stop</name>
         <load_address>0x4f08</load_address>
         <readonly>true</readonly>
         <executable>true</executable>
         <run_address>0x4f08</run_address>
         <size>0xcc</size>
         <alignment>0x4</alignment>
         <input_file_ref idref="fl-a"/>
      </object_component>
      <object_component id="oc-ce">
         <name>.text.PathNavigation_init</name>
         <load_address>0x4fd4</load_address>
         <readonly>true</readonly>
         <executable>true</executable>
         <run_address>0x4fd4</run_address>
         <size>0xc8</size>
         <alignment>0x4</alignment>
         <input_file_ref idref="fl-a"/>
      </object_component>
      <object_component id="oc-d3">
         <name>.text.Buttons_process</name>
         <load_address>0x509c</load_address>
         <readonly>true</readonly>
         <executable>true</executable>
         <run_address>0x509c</run_address>
         <size>0xc4</size>
         <alignment>0x4</alignment>
         <input_file_ref idref="fl-1"/>
      </object_component>
      <object_component id="oc-e4">
         <name>.text.ChassisMotor_process</name>
         <load_address>0x5160</load_address>
         <readonly>true</readonly>
         <executable>true</executable>
         <run_address>0x5160</run_address>
         <size>0xc0</size>
         <alignment>0x4</alignment>
         <input_file_ref idref="fl-2"/>
      </object_component>
      <object_component id="oc-e3">
         <name>.text.LineFollower_process</name>
         <load_address>0x5220</load_address>
         <readonly>true</readonly>
         <executable>true</executable>
         <run_address>0x5220</run_address>
         <size>0xc0</size>
         <alignment>0x4</alignment>
         <input_file_ref idref="fl-7"/>
      </object_component>
      <object_component id="oc-b6">
         <name>.text.StepperMotor_init</name>
         <load_address>0x52e0</load_address>
         <readonly>true</readonly>
         <executable>true</executable>
         <run_address>0x52e0</run_address>
         <size>0xbc</size>
         <alignment>0x4</alignment>
         <input_file_ref idref="fl-b"/>
      </object_component>
      <object_component id="oc-128">
         <name>.text.SYSCFG_DL_SYSCTL_init</name>
         <load_address>0x539c</load_address>
         <readonly>true</readonly>
         <executable>true</executable>
         <run_address>0x539c</run_address>
         <size>0xb0</size>
         <alignment>0x4</alignment>
         <input_file_ref idref="fl-4"/>
      </object_component>
      <object_component id="oc-1a6">
         <name>.text.StepperMotor_setMotorStepRate</name>
         <load_address>0x544c</load_address>
         <readonly>true</readonly>
         <executable>true</executable>
         <run_address>0x544c</run_address>
         <size>0xa0</size>
         <alignment>0x4</alignment>
         <input_file_ref idref="fl-b"/>
      </object_component>
      <object_component id="oc-a6">
         <name>.text:memcpy</name>
         <load_address>0x54ec</load_address>
         <readonly>true</readonly>
         <executable>true</executable>
         <run_address>0x54ec</run_address>
         <size>0x9a</size>
         <alignment>0x1</alignment>
         <input_file_ref idref="fl-e7"/>
      </object_component>
      <object_component id="oc-36">
         <name>.text.Default_Handler</name>
         <load_address>0x5586</load_address>
         <readonly>true</readonly>
         <executable>true</executable>
         <run_address>0x5586</run_address>
         <size>0x2</size>
         <alignment>0x2</alignment>
         <input_file_ref idref="fl-5"/>
      </object_component>
      <object_component id="oc-12e">
         <name>.text.SYSCFG_DL_CHASSIS_UART_init</name>
         <load_address>0x5588</load_address>
         <readonly>true</readonly>
         <executable>true</executable>
         <run_address>0x5588</run_address>
         <size>0x80</size>
         <alignment>0x4</alignment>
         <input_file_ref idref="fl-4"/>
      </object_component>
      <object_component id="oc-1a8">
         <name>.text.StepperMotor_start</name>
         <load_address>0x5608</load_address>
         <readonly>true</readonly>
         <executable>true</executable>
         <run_address>0x5608</run_address>
         <size>0x80</size>
         <alignment>0x4</alignment>
         <input_file_ref idref="fl-b"/>
      </object_component>
      <object_component id="oc-fd">
         <name>.text.LineSensor_countBlack</name>
         <load_address>0x5688</load_address>
         <readonly>true</readonly>
         <executable>true</executable>
         <run_address>0x5688</run_address>
         <size>0x7c</size>
         <alignment>0x4</alignment>
         <input_file_ref idref="fl-8"/>
      </object_component>
      <object_component id="oc-1d">
         <name>.text:decompress:lzss</name>
         <load_address>0x5704</load_address>
         <readonly>true</readonly>
         <executable>true</executable>
         <run_address>0x5704</run_address>
         <size>0x7c</size>
         <alignment>0x4</alignment>
         <input_file_ref idref="fl-3e"/>
      </object_component>
      <object_component id="oc-12d">
         <name>.text.SYSCFG_DL_IMU601_init</name>
         <load_address>0x5780</load_address>
         <readonly>true</readonly>
         <executable>true</executable>
         <run_address>0x5780</run_address>
         <size>0x74</size>
         <alignment>0x4</alignment>
         <input_file_ref idref="fl-4"/>
      </object_component>
      <object_component id="oc-12c">
         <name>.text.SYSCFG_DL_TRACKING_UART_init</name>
         <load_address>0x57f4</load_address>
         <readonly>true</readonly>
         <executable>true</executable>
         <run_address>0x57f4</run_address>
         <size>0x74</size>
         <alignment>0x4</alignment>
         <input_file_ref idref="fl-4"/>
      </object_component>
      <object_component id="oc-125">
         <name>.text.SYSCFG_DL_initPower</name>
         <load_address>0x5868</load_address>
         <readonly>true</readonly>
         <executable>true</executable>
         <run_address>0x5868</run_address>
         <size>0x70</size>
         <alignment>0x4</alignment>
         <input_file_ref idref="fl-4"/>
      </object_component>
      <object_component id="oc-bb">
         <name>.text.TrackingController_init</name>
         <load_address>0x58d8</load_address>
         <readonly>true</readonly>
         <executable>true</executable>
         <run_address>0x58d8</run_address>
         <size>0x70</size>
         <alignment>0x4</alignment>
         <input_file_ref idref="fl-c"/>
      </object_component>
      <object_component id="oc-129">
         <name>.text.SYSCFG_DL_PITCH_PWM_init</name>
         <load_address>0x5948</load_address>
         <readonly>true</readonly>
         <executable>true</executable>
         <run_address>0x5948</run_address>
         <size>0x6c</size>
         <alignment>0x4</alignment>
         <input_file_ref idref="fl-4"/>
      </object_component>
      <object_component id="oc-12a">
         <name>.text.SYSCFG_DL_YAW_PWM_init</name>
         <load_address>0x59b4</load_address>
         <readonly>true</readonly>
         <executable>true</executable>
         <run_address>0x59b4</run_address>
         <size>0x6c</size>
         <alignment>0x4</alignment>
         <input_file_ref idref="fl-4"/>
      </object_component>
      <object_component id="oc-124">
         <name>.text:memset</name>
         <load_address>0x5a20</load_address>
         <readonly>true</readonly>
         <executable>true</executable>
         <run_address>0x5a20</run_address>
         <size>0x62</size>
         <alignment>0x1</alignment>
         <input_file_ref idref="fl-e8"/>
      </object_component>
      <object_component id="oc-bd">
         <name>.text.LineSensor_init</name>
         <load_address>0x5a82</load_address>
         <readonly>true</readonly>
         <executable>true</executable>
         <run_address>0x5a82</run_address>
         <size>0x2</size>
         <alignment>0x2</alignment>
         <input_file_ref idref="fl-8"/>
      </object_component>
      <object_component id="oc-12b">
         <name>.text.SYSCFG_DL_OLED_init</name>
         <load_address>0x5a84</load_address>
         <readonly>true</readonly>
         <executable>true</executable>
         <run_address>0x5a84</run_address>
         <size>0x60</size>
         <alignment>0x4</alignment>
         <input_file_ref idref="fl-4"/>
      </object_component>
      <object_component id="oc-1f4">
         <name>.text.DL_I2C_fillControllerTXFIFO</name>
         <load_address>0x5ae4</load_address>
         <readonly>true</readonly>
         <executable>true</executable>
         <run_address>0x5ae4</run_address>
         <size>0x5e</size>
         <alignment>0x2</alignment>
         <input_file_ref idref="fl-1d"/>
      </object_component>
      <object_component id="oc-1b2">
         <name>.text.__aeabi_idiv0</name>
         <load_address>0x5b42</load_address>
         <readonly>true</readonly>
         <executable>true</executable>
         <run_address>0x5b42</run_address>
         <size>0x2</size>
         <alignment>0x2</alignment>
         <input_file_ref idref="fl-e6"/>
      </object_component>
      <object_component id="oc-c7">
         <name>.text.Buttons_init</name>
         <load_address>0x5b44</load_address>
         <readonly>true</readonly>
         <executable>true</executable>
         <run_address>0x5b44</run_address>
         <size>0x5c</size>
         <alignment>0x4</alignment>
         <input_file_ref idref="fl-1"/>
      </object_component>
      <object_component id="oc-d1">
         <name>.text.OLED_Refresh</name>
         <load_address>0x5ba0</load_address>
         <readonly>true</readonly>
         <executable>true</executable>
         <run_address>0x5ba0</run_address>
         <size>0x5c</size>
         <alignment>0x4</alignment>
         <input_file_ref idref="fl-9"/>
      </object_component>
      <object_component id="oc-d9">
         <name>.text.LineFollower_setEnabled</name>
         <load_address>0x5bfc</load_address>
         <readonly>true</readonly>
         <executable>true</executable>
         <run_address>0x5bfc</run_address>
         <size>0x58</size>
         <alignment>0x4</alignment>
         <input_file_ref idref="fl-7"/>
      </object_component>
      <object_component id="oc-1ad">
         <name>.text.__aeabi_idivmod</name>
         <load_address>0x5c54</load_address>
         <readonly>true</readonly>
         <executable>true</executable>
         <run_address>0x5c54</run_address>
         <size>0x56</size>
         <alignment>0x4</alignment>
         <input_file_ref idref="fl-e2"/>
      </object_component>
      <object_component id="oc-e7">
         <name>.text.LineSensor_readRaw</name>
         <load_address>0x5cac</load_address>
         <readonly>true</readonly>
         <executable>true</executable>
         <run_address>0x5cac</run_address>
         <size>0x54</size>
         <alignment>0x4</alignment>
         <input_file_ref idref="fl-8"/>
      </object_component>
      <object_component id="oc-1cf">
         <name>.text.copy_in</name>
         <load_address>0x5d00</load_address>
         <readonly>true</readonly>
         <executable>true</executable>
         <run_address>0x5d00</run_address>
         <size>0x4c</size>
         <alignment>0x4</alignment>
         <input_file_ref idref="fl-3b"/>
      </object_component>
      <object_component id="oc-113">
         <name>.text:__TI_auto_init_nopinit</name>
         <load_address>0x5d4c</load_address>
         <readonly>true</readonly>
         <executable>true</executable>
         <run_address>0x5d4c</run_address>
         <size>0x4c</size>
         <alignment>0x4</alignment>
         <input_file_ref idref="fl-39"/>
      </object_component>
      <object_component id="oc-1e8">
         <name>.text.DL_UART_init</name>
         <load_address>0x5d98</load_address>
         <readonly>true</readonly>
         <executable>true</executable>
         <run_address>0x5d98</run_address>
         <size>0x48</size>
         <alignment>0x4</alignment>
         <input_file_ref idref="fl-1f"/>
      </object_component>
      <object_component id="oc-ab">
         <name>.text.SYSCFG_DL_init</name>
         <load_address>0x5de0</load_address>
         <readonly>true</readonly>
         <executable>true</executable>
         <run_address>0x5de0</run_address>
         <size>0x48</size>
         <alignment>0x4</alignment>
         <input_file_ref idref="fl-4"/>
      </object_component>
      <object_component id="oc-18d">
         <name>.text.ChassisMotor_stop</name>
         <load_address>0x5e28</load_address>
         <readonly>true</readonly>
         <executable>true</executable>
         <run_address>0x5e28</run_address>
         <size>0x44</size>
         <alignment>0x4</alignment>
         <input_file_ref idref="fl-2"/>
      </object_component>
      <object_component id="oc-1db">
         <name>.text.DL_SYSCTL_switchMCLKfromSYSOSCtoHSCLK</name>
         <load_address>0x5e6c</load_address>
         <readonly>true</readonly>
         <executable>true</executable>
         <run_address>0x5e6c</run_address>
         <size>0x44</size>
         <alignment>0x4</alignment>
         <input_file_ref idref="fl-20"/>
      </object_component>
      <object_component id="oc-c2">
         <name>.text.LineFollower_init</name>
         <load_address>0x5eb0</load_address>
         <readonly>true</readonly>
         <executable>true</executable>
         <run_address>0x5eb0</run_address>
         <size>0x44</size>
         <alignment>0x4</alignment>
         <input_file_ref idref="fl-7"/>
      </object_component>
      <object_component id="oc-ed">
         <name>.text.__aeabi_uidivmod</name>
         <load_address>0x5ef4</load_address>
         <readonly>true</readonly>
         <executable>true</executable>
         <run_address>0x5ef4</run_address>
         <size>0x40</size>
         <alignment>0x4</alignment>
         <input_file_ref idref="fl-e5"/>
      </object_component>
      <object_component id="oc-139">
         <name>.text.DL_I2C_flushControllerTXFIFO</name>
         <load_address>0x5f34</load_address>
         <readonly>true</readonly>
         <executable>true</executable>
         <run_address>0x5f34</run_address>
         <size>0x3c</size>
         <alignment>0x4</alignment>
         <input_file_ref idref="fl-1d"/>
      </object_component>
      <object_component id="oc-18e">
         <name>.text.StepperMotor_hold</name>
         <load_address>0x5f70</load_address>
         <readonly>true</readonly>
         <executable>true</executable>
         <run_address>0x5f70</run_address>
         <size>0x3c</size>
         <alignment>0x4</alignment>
         <input_file_ref idref="fl-b"/>
      </object_component>
      <object_component id="oc-e9">
         <name>.text.IMU601_getAttitude</name>
         <load_address>0x5fac</load_address>
         <readonly>true</readonly>
         <executable>true</executable>
         <run_address>0x5fac</run_address>
         <size>0x34</size>
         <alignment>0x4</alignment>
         <input_file_ref idref="fl-6"/>
      </object_component>
      <object_component id="oc-174">
         <name>.text.DL_UART_transmitDataBlocking</name>
         <load_address>0x5fe0</load_address>
         <readonly>true</readonly>
         <executable>true</executable>
         <run_address>0x5fe0</run_address>
         <size>0x30</size>
         <alignment>0x4</alignment>
         <input_file_ref idref="fl-1f"/>
      </object_component>
      <object_component id="oc-ea">
         <name>.text.TrackingController_getStatus</name>
         <load_address>0x6010</load_address>
         <readonly>true</readonly>
         <executable>true</executable>
         <run_address>0x6010</run_address>
         <size>0x30</size>
         <alignment>0x4</alignment>
         <input_file_ref idref="fl-c"/>
      </object_component>
      <object_component id="oc-eb">
         <name>.text.ChassisMotor_getStatus</name>
         <load_address>0x6040</load_address>
         <readonly>true</readonly>
         <executable>true</executable>
         <run_address>0x6040</run_address>
         <size>0x28</size>
         <alignment>0x4</alignment>
         <input_file_ref idref="fl-2"/>
      </object_component>
      <object_component id="oc-196">
         <name>.text.DL_FlashCTL_programMemoryFromRAM64WithECCGenerated</name>
         <load_address>0x6068</load_address>
         <readonly>true</readonly>
         <executable>true</executable>
         <run_address>0x6068</run_address>
         <size>0x28</size>
         <alignment>0x4</alignment>
         <input_file_ref idref="fl-1c"/>
      </object_component>
      <object_component id="oc-130">
         <name>.text.SYSCFG_DL_SYSCTL_CLK_init</name>
         <load_address>0x6090</load_address>
         <readonly>true</readonly>
         <executable>true</executable>
         <run_address>0x6090</run_address>
         <size>0x28</size>
         <alignment>0x4</alignment>
         <input_file_ref idref="fl-4"/>
      </object_component>
      <object_component id="oc-65">
         <name>.text:_c_int00_noargs</name>
         <load_address>0x60b8</load_address>
         <readonly>true</readonly>
         <executable>true</executable>
         <run_address>0x60b8</run_address>
         <size>0x28</size>
         <alignment>0x4</alignment>
         <input_file_ref idref="fl-37"/>
      </object_component>
      <object_component id="oc-1e5">
         <name>.text.DL_I2C_setClockConfig</name>
         <load_address>0x60e0</load_address>
         <readonly>true</readonly>
         <executable>true</executable>
         <run_address>0x60e0</run_address>
         <size>0x26</size>
         <alignment>0x2</alignment>
         <input_file_ref idref="fl-1d"/>
      </object_component>
      <object_component id="oc-d4">
         <name>.text.Buttons_wasPressed</name>
         <load_address>0x6108</load_address>
         <readonly>true</readonly>
         <executable>true</executable>
         <run_address>0x6108</run_address>
         <size>0x20</size>
         <alignment>0x4</alignment>
         <input_file_ref idref="fl-1"/>
      </object_component>
      <object_component id="oc-db">
         <name>.text.PathNavigation_getStatus</name>
         <load_address>0x6128</load_address>
         <readonly>true</readonly>
         <executable>true</executable>
         <run_address>0x6128</run_address>
         <size>0x20</size>
         <alignment>0x4</alignment>
         <input_file_ref idref="fl-a"/>
      </object_component>
      <object_component id="oc-12f">
         <name>.text.SYSCFG_DL_SYSTICK_init</name>
         <load_address>0x6148</load_address>
         <readonly>true</readonly>
         <executable>true</executable>
         <run_address>0x6148</run_address>
         <size>0x20</size>
         <alignment>0x4</alignment>
         <input_file_ref idref="fl-4"/>
      </object_component>
      <object_component id="oc-20d">
         <name>.text.DL_SYSCTL_configFCC</name>
         <load_address>0x6168</load_address>
         <readonly>true</readonly>
         <executable>true</executable>
         <run_address>0x6168</run_address>
         <size>0x1c</size>
         <alignment>0x4</alignment>
         <input_file_ref idref="fl-20"/>
      </object_component>
      <object_component id="oc-1e0">
         <name>.text.DL_Timer_setCaptCompUpdateMethod</name>
         <load_address>0x6184</load_address>
         <readonly>true</readonly>
         <executable>true</executable>
         <run_address>0x6184</run_address>
         <size>0x1c</size>
         <alignment>0x4</alignment>
         <input_file_ref idref="fl-1e"/>
      </object_component>
      <object_component id="oc-1dd">
         <name>.text.DL_Timer_setClockConfig</name>
         <load_address>0x61a0</load_address>
         <readonly>true</readonly>
         <executable>true</executable>
         <run_address>0x61a0</run_address>
         <size>0x1c</size>
         <alignment>0x4</alignment>
         <input_file_ref idref="fl-1e"/>
      </object_component>
      <object_component id="oc-dd">
         <name>.text.Buttons_isDown</name>
         <load_address>0x61bc</load_address>
         <readonly>true</readonly>
         <executable>true</executable>
         <run_address>0x61bc</run_address>
         <size>0x18</size>
         <alignment>0x4</alignment>
         <input_file_ref idref="fl-1"/>
      </object_component>
      <object_component id="oc-195">
         <name>.text.DL_FlashCTL_eraseMemoryFromRAM</name>
         <load_address>0x61d4</load_address>
         <readonly>true</readonly>
         <executable>true</executable>
         <run_address>0x61d4</run_address>
         <size>0x18</size>
         <alignment>0x4</alignment>
         <input_file_ref idref="fl-1c"/>
      </object_component>
      <object_component id="oc-1df">
         <name>.text.DL_Timer_setCaptureCompareOutCtl</name>
         <load_address>0x61ec</load_address>
         <readonly>true</readonly>
         <executable>true</executable>
         <run_address>0x61ec</run_address>
         <size>0x18</size>
         <alignment>0x4</alignment>
         <input_file_ref idref="fl-1e"/>
      </object_component>
      <object_component id="oc-d5">
         <name>.text.PathNavigation_isActive</name>
         <load_address>0x6204</load_address>
         <readonly>true</readonly>
         <executable>true</executable>
         <run_address>0x6204</run_address>
         <size>0x18</size>
         <alignment>0x4</alignment>
         <input_file_ref idref="fl-a"/>
      </object_component>
      <object_component id="oc-d8">
         <name>.text.TrackingController_setEnabled</name>
         <load_address>0x621c</load_address>
         <readonly>true</readonly>
         <executable>true</executable>
         <run_address>0x621c</run_address>
         <size>0x18</size>
         <alignment>0x4</alignment>
         <input_file_ref idref="fl-c"/>
      </object_component>
      <object_component id="oc-197">
         <name>.text.DL_FlashCTL_protectMainMemory</name>
         <load_address>0x6234</load_address>
         <readonly>true</readonly>
         <executable>true</executable>
         <run_address>0x6234</run_address>
         <size>0x14</size>
         <alignment>0x4</alignment>
         <input_file_ref idref="fl-1c"/>
      </object_component>
      <object_component id="oc-ec">
         <name>.text.OLED_Clear</name>
         <load_address>0x6248</load_address>
         <readonly>true</readonly>
         <executable>true</executable>
         <run_address>0x6248</run_address>
         <size>0x14</size>
         <alignment>0x4</alignment>
         <input_file_ref idref="fl-9"/>
      </object_component>
      <object_component id="oc-1e7">
         <name>.text.DL_UART_setClockConfig</name>
         <load_address>0x625c</load_address>
         <readonly>true</readonly>
         <executable>true</executable>
         <run_address>0x625c</run_address>
         <size>0x12</size>
         <alignment>0x2</alignment>
         <input_file_ref idref="fl-1f"/>
      </object_component>
      <object_component id="oc-21">
         <name>.text:decompress:none</name>
         <load_address>0x626e</load_address>
         <readonly>true</readonly>
         <executable>true</executable>
         <run_address>0x626e</run_address>
         <size>0x12</size>
         <alignment>0x2</alignment>
         <input_file_ref idref="fl-3d"/>
      </object_component>
      <object_component id="oc-14c">
         <name>.text.DL_Timer_setCaptureCompareValue</name>
         <load_address>0x6280</load_address>
         <readonly>true</readonly>
         <executable>true</executable>
         <run_address>0x6280</run_address>
         <size>0x10</size>
         <alignment>0x4</alignment>
         <input_file_ref idref="fl-1e"/>
      </object_component>
      <object_component id="oc-37">
         <name>.text.SysTick_Handler</name>
         <load_address>0x6290</load_address>
         <readonly>true</readonly>
         <executable>true</executable>
         <run_address>0x6290</run_address>
         <size>0x10</size>
         <alignment>0x4</alignment>
         <input_file_ref idref="fl-c"/>
      </object_component>
      <object_component id="oc-62">
         <name>.text:decompress:ZI</name>
         <load_address>0x62a0</load_address>
         <readonly>true</readonly>
         <executable>true</executable>
         <run_address>0x62a0</run_address>
         <size>0x10</size>
         <alignment>0x2</alignment>
         <input_file_ref idref="fl-3c"/>
      </object_component>
      <object_component id="oc-1a5">
         <name>.text.ChassisMotor_isClosedLoopEnabled</name>
         <load_address>0x62b0</load_address>
         <readonly>true</readonly>
         <executable>true</executable>
         <run_address>0x62b0</run_address>
         <size>0xc</size>
         <alignment>0x4</alignment>
         <input_file_ref idref="fl-2"/>
      </object_component>
      <object_component id="oc-e5">
         <name>.text.OLED_IsPresent</name>
         <load_address>0x62bc</load_address>
         <readonly>true</readonly>
         <executable>true</executable>
         <run_address>0x62bc</run_address>
         <size>0xc</size>
         <alignment>0x4</alignment>
         <input_file_ref idref="fl-9"/>
      </object_component>
      <object_component id="oc-de">
         <name>.text.PathNavigation_hasPath</name>
         <load_address>0x62c8</load_address>
         <readonly>true</readonly>
         <executable>true</executable>
         <run_address>0x62c8</run_address>
         <size>0xc</size>
         <alignment>0x4</alignment>
         <input_file_ref idref="fl-a"/>
      </object_component>
      <object_component id="oc-d2">
         <name>.text.TrackingController_getMilliseconds</name>
         <load_address>0x62d4</load_address>
         <readonly>true</readonly>
         <executable>true</executable>
         <run_address>0x62d4</run_address>
         <size>0xc</size>
         <alignment>0x4</alignment>
         <input_file_ref idref="fl-c"/>
      </object_component>
      <object_component id="oc-d7">
         <name>.text.TrackingController_isEnabled</name>
         <load_address>0x62e0</load_address>
         <readonly>true</readonly>
         <executable>true</executable>
         <run_address>0x62e0</run_address>
         <size>0xc</size>
         <alignment>0x4</alignment>
         <input_file_ref idref="fl-c"/>
      </object_component>
      <object_component id="oc-8a">
         <name>.text.__aeabi_memclr</name>
         <load_address>0x62ec</load_address>
         <readonly>true</readonly>
         <executable>true</executable>
         <run_address>0x62ec</run_address>
         <size>0xc</size>
         <alignment>0x4</alignment>
         <input_file_ref idref="fl-e4"/>
      </object_component>
      <object_component id="oc-135">
         <name>.text.DL_Common_delayCycles</name>
         <load_address>0x62f8</load_address>
         <readonly>true</readonly>
         <executable>true</executable>
         <run_address>0x62f8</run_address>
         <size>0xa</size>
         <alignment>0x2</alignment>
         <input_file_ref idref="fl-1b"/>
      </object_component>
      <object_component id="oc-55">
         <name>.text.__aeabi_memcpy</name>
         <load_address>0x6304</load_address>
         <readonly>true</readonly>
         <executable>true</executable>
         <run_address>0x6304</run_address>
         <size>0x8</size>
         <alignment>0x4</alignment>
         <input_file_ref idref="fl-e3"/>
      </object_component>
      <object_component id="oc-105">
         <name>.text:abort</name>
         <load_address>0x630c</load_address>
         <readonly>true</readonly>
         <executable>true</executable>
         <run_address>0x630c</run_address>
         <size>0x6</size>
         <alignment>0x2</alignment>
         <input_file_ref idref="fl-3f"/>
      </object_component>
      <object_component id="oc-1c3">
         <name>.text.HOSTexit</name>
         <load_address>0x6312</load_address>
         <readonly>true</readonly>
         <executable>true</executable>
         <run_address>0x6312</run_address>
         <size>0x4</size>
         <alignment>0x2</alignment>
         <input_file_ref idref="fl-e1"/>
      </object_component>
      <object_component id="oc-32">
         <name>.text.Reset_Handler</name>
         <load_address>0x6316</load_address>
         <readonly>true</readonly>
         <executable>true</executable>
         <run_address>0x6316</run_address>
         <size>0x4</size>
         <alignment>0x2</alignment>
         <input_file_ref idref="fl-5"/>
      </object_component>
      <object_component id="oc-8f">
         <name>.text._system_pre_init</name>
         <load_address>0x631a</load_address>
         <readonly>true</readonly>
         <executable>true</executable>
         <run_address>0x631a</run_address>
         <size>0x4</size>
         <alignment>0x2</alignment>
         <input_file_ref idref="fl-3a"/>
      </object_component>
      <object_component id="oc-254">
         <name>.tramp.DL_FlashCTL_executeCommandFromRAM.1</name>
         <load_address>0x6320</load_address>
         <readonly>true</readonly>
         <executable>true</executable>
         <run_address>0x6320</run_address>
         <size>0x10</size>
         <alignment>0x4</alignment>
         <input_file_ref idref="fl-1c"/>
      </object_component>
      <object_component id="oc-24e">
         <name>__TI_handler_table</name>
         <load_address>0x6650</load_address>
         <readonly>true</readonly>
         <run_address>0x6650</run_address>
         <size>0xc</size>
         <alignment>0x4</alignment>
      </object_component>
      <object_component id="oc-250">
         <name>.cinit..data.load</name>
         <load_address>0x665c</load_address>
         <readonly>true</readonly>
         <run_address>0x665c</run_address>
         <size>0xa</size>
         <alignment>0x1</alignment>
      </object_component>
      <object_component id="oc-251">
         <name>.cinit..bss.load</name>
         <load_address>0x6668</load_address>
         <readonly>true</readonly>
         <run_address>0x6668</run_address>
         <size>0x8</size>
         <alignment>0x4</alignment>
      </object_component>
      <object_component id="oc-24f">
         <name>__TI_cinit_table</name>
         <load_address>0x6670</load_address>
         <readonly>true</readonly>
         <run_address>0x6670</run_address>
         <size>0x10</size>
         <alignment>0x4</alignment>
      </object_component>
      <object_component id="oc-18c">
         <name>.rodata.gFont</name>
         <load_address>0x6330</load_address>
         <readonly>true</readonly>
         <run_address>0x6330</run_address>
         <size>0x108</size>
         <alignment>0x1</alignment>
         <input_file_ref idref="fl-9"/>
      </object_component>
      <object_component id="oc-1dc">
         <name>.rodata.gSYSPLLConfig</name>
         <load_address>0x6438</load_address>
         <readonly>true</readonly>
         <run_address>0x6438</run_address>
         <size>0x28</size>
         <alignment>0x4</alignment>
         <input_file_ref idref="fl-4"/>
      </object_component>
      <object_component id="oc-f6">
         <name>.rodata..Lswitch.table.main.50</name>
         <load_address>0x6460</load_address>
         <readonly>true</readonly>
         <run_address>0x6460</run_address>
         <size>0x1c</size>
         <alignment>0x4</alignment>
         <input_file_ref idref="fl-3"/>
      </object_component>
      <object_component id="oc-144">
         <name>.rodata.OLED_Init.commands</name>
         <load_address>0x647c</load_address>
         <readonly>true</readonly>
         <run_address>0x647c</run_address>
         <size>0x19</size>
         <alignment>0x1</alignment>
         <input_file_ref idref="fl-9"/>
      </object_component>
      <object_component id="oc-fe">
         <name>.rodata.str1.4743867490633248927.1</name>
         <load_address>0x6495</load_address>
         <readonly>true</readonly>
         <run_address>0x6495</run_address>
         <size>0x11</size>
         <alignment>0x1</alignment>
         <input_file_ref idref="fl-3"/>
      </object_component>
      <object_component id="oc-1ed">
         <name>.rodata.gCHASSIS_UARTClockConfig</name>
         <load_address>0x64a6</load_address>
         <readonly>true</readonly>
         <run_address>0x64a6</run_address>
         <size>0x2</size>
         <alignment>0x1</alignment>
         <input_file_ref idref="fl-4"/>
      </object_component>
      <object_component id="oc-f4">
         <name>.rodata..Lswitch.table.main</name>
         <load_address>0x64a8</load_address>
         <readonly>true</readonly>
         <run_address>0x64a8</run_address>
         <size>0x10</size>
         <alignment>0x4</alignment>
         <input_file_ref idref="fl-3"/>
      </object_component>
      <object_component id="oc-1bc">
         <name>.rodata.str1.11006992818822836455.1</name>
         <load_address>0x64b8</load_address>
         <readonly>true</readonly>
         <run_address>0x64b8</run_address>
         <size>0xe</size>
         <alignment>0x1</alignment>
         <input_file_ref idref="fl-3"/>
      </object_component>
      <object_component id="oc-fa">
         <name>.rodata.str1.7079713434352825882.1</name>
         <load_address>0x64c6</load_address>
         <readonly>true</readonly>
         <run_address>0x64c6</run_address>
         <size>0xe</size>
         <alignment>0x1</alignment>
         <input_file_ref idref="fl-3"/>
      </object_component>
      <object_component id="oc-1bd">
         <name>.rodata.str1.136983083021898529.1</name>
         <load_address>0x64d4</load_address>
         <readonly>true</readonly>
         <run_address>0x64d4</run_address>
         <size>0xd</size>
         <alignment>0x1</alignment>
         <input_file_ref idref="fl-3"/>
      </object_component>
      <object_component id="oc-f9">
         <name>.rodata.str1.9410084661655729462.1</name>
         <load_address>0x64e1</load_address>
         <readonly>true</readonly>
         <run_address>0x64e1</run_address>
         <size>0xd</size>
         <alignment>0x1</alignment>
         <input_file_ref idref="fl-3"/>
      </object_component>
      <object_component id="oc-1bf">
         <name>.rodata.str1.12644424118344001522.1</name>
         <load_address>0x64ee</load_address>
         <readonly>true</readonly>
         <run_address>0x64ee</run_address>
         <size>0xc</size>
         <alignment>0x1</alignment>
         <input_file_ref idref="fl-3"/>
      </object_component>
      <object_component id="oc-1be">
         <name>.rodata.str1.17786695056113905174.1</name>
         <load_address>0x64fa</load_address>
         <readonly>true</readonly>
         <run_address>0x64fa</run_address>
         <size>0xc</size>
         <alignment>0x1</alignment>
         <input_file_ref idref="fl-3"/>
      </object_component>
      <object_component id="oc-1c1">
         <name>.rodata.str1.18267063360953640005.1</name>
         <load_address>0x6506</load_address>
         <readonly>true</readonly>
         <run_address>0x6506</run_address>
         <size>0xc</size>
         <alignment>0x1</alignment>
         <input_file_ref idref="fl-3"/>
      </object_component>
      <object_component id="oc-fc">
         <name>.rodata.str1.5100843677217179155.1</name>
         <load_address>0x6512</load_address>
         <readonly>true</readonly>
         <run_address>0x6512</run_address>
         <size>0xc</size>
         <alignment>0x1</alignment>
         <input_file_ref idref="fl-3"/>
      </object_component>
      <object_component id="oc-f7">
         <name>.rodata.str1.10059295903439925133.1</name>
         <load_address>0x651e</load_address>
         <readonly>true</readonly>
         <run_address>0x651e</run_address>
         <size>0xb</size>
         <alignment>0x1</alignment>
         <input_file_ref idref="fl-3"/>
      </object_component>
      <object_component id="oc-1c0">
         <name>.rodata.str1.12067090720680436770.1</name>
         <load_address>0x6529</load_address>
         <readonly>true</readonly>
         <run_address>0x6529</run_address>
         <size>0xb</size>
         <alignment>0x1</alignment>
         <input_file_ref idref="fl-3"/>
      </object_component>
      <object_component id="oc-1b9">
         <name>.rodata.str1.12152362843975802927.1</name>
         <load_address>0x6534</load_address>
         <readonly>true</readonly>
         <run_address>0x6534</run_address>
         <size>0xb</size>
         <alignment>0x1</alignment>
         <input_file_ref idref="fl-3"/>
      </object_component>
      <object_component id="oc-1c2">
         <name>.rodata.str1.13247436401465020295.1</name>
         <load_address>0x653f</load_address>
         <readonly>true</readonly>
         <run_address>0x653f</run_address>
         <size>0xb</size>
         <alignment>0x1</alignment>
         <input_file_ref idref="fl-3"/>
      </object_component>
      <object_component id="oc-fb">
         <name>.rodata.str1.15930989295766594416.1</name>
         <load_address>0x654a</load_address>
         <readonly>true</readonly>
         <run_address>0x654a</run_address>
         <size>0xb</size>
         <alignment>0x1</alignment>
         <input_file_ref idref="fl-3"/>
      </object_component>
      <object_component id="oc-f8">
         <name>.rodata.str1.18230774644621384456.1</name>
         <load_address>0x6555</load_address>
         <readonly>true</readonly>
         <run_address>0x6555</run_address>
         <size>0xb</size>
         <alignment>0x1</alignment>
         <input_file_ref idref="fl-3"/>
      </object_component>
      <object_component id="oc-1b8">
         <name>.rodata.str1.487671331081980564.1</name>
         <load_address>0x6560</load_address>
         <readonly>true</readonly>
         <run_address>0x6560</run_address>
         <size>0xb</size>
         <alignment>0x1</alignment>
         <input_file_ref idref="fl-3"/>
      </object_component>
      <object_component id="oc-f5">
         <name>.rodata.str1.61555989498057138.1</name>
         <load_address>0x656b</load_address>
         <readonly>true</readonly>
         <run_address>0x656b</run_address>
         <size>0xb</size>
         <alignment>0x1</alignment>
         <input_file_ref idref="fl-3"/>
      </object_component>
      <object_component id="oc-1ee">
         <name>.rodata.gCHASSIS_UARTConfig</name>
         <load_address>0x6576</load_address>
         <readonly>true</readonly>
         <run_address>0x6576</run_address>
         <size>0xa</size>
         <alignment>0x2</alignment>
         <input_file_ref idref="fl-4"/>
      </object_component>
      <object_component id="oc-1ec">
         <name>.rodata.gIMU601Config</name>
         <load_address>0x6580</load_address>
         <readonly>true</readonly>
         <run_address>0x6580</run_address>
         <size>0xa</size>
         <alignment>0x2</alignment>
         <input_file_ref idref="fl-4"/>
      </object_component>
      <object_component id="oc-1ea">
         <name>.rodata.gTRACKING_UARTConfig</name>
         <load_address>0x658a</load_address>
         <readonly>true</readonly>
         <run_address>0x658a</run_address>
         <size>0xa</size>
         <alignment>0x2</alignment>
         <input_file_ref idref="fl-4"/>
      </object_component>
      <object_component id="oc-1bb">
         <name>.rodata.str1.14827682599886951907.1</name>
         <load_address>0x6594</load_address>
         <readonly>true</readonly>
         <run_address>0x6594</run_address>
         <size>0xa</size>
         <alignment>0x1</alignment>
         <input_file_ref idref="fl-3"/>
      </object_component>
      <object_component id="oc-f2">
         <name>.rodata.str1.254342170260855183.1</name>
         <load_address>0x659e</load_address>
         <readonly>true</readonly>
         <run_address>0x659e</run_address>
         <size>0xa</size>
         <alignment>0x1</alignment>
         <input_file_ref idref="fl-3"/>
      </object_component>
      <object_component id="oc-f3">
         <name>.rodata.str1.11630185570270578052.1</name>
         <load_address>0x65a8</load_address>
         <readonly>true</readonly>
         <run_address>0x65a8</run_address>
         <size>0x9</size>
         <alignment>0x1</alignment>
         <input_file_ref idref="fl-3"/>
      </object_component>
      <object_component id="oc-1ba">
         <name>.rodata.str1.5555817129655366984.1</name>
         <load_address>0x65b1</load_address>
         <readonly>true</readonly>
         <run_address>0x65b1</run_address>
         <size>0x9</size>
         <alignment>0x1</alignment>
         <input_file_ref idref="fl-3"/>
      </object_component>
      <object_component id="oc-f1">
         <name>.rodata.str1.9517790425240694019.1</name>
         <load_address>0x65ba</load_address>
         <readonly>true</readonly>
         <run_address>0x65ba</run_address>
         <size>0x9</size>
         <alignment>0x1</alignment>
         <input_file_ref idref="fl-3"/>
      </object_component>
      <object_component id="oc-1e2">
         <name>.rodata.gPITCH_PWMConfig</name>
         <load_address>0x65c4</load_address>
         <readonly>true</readonly>
         <run_address>0x65c4</run_address>
         <size>0x8</size>
         <alignment>0x4</alignment>
         <input_file_ref idref="fl-4"/>
      </object_component>
      <object_component id="oc-1e4">
         <name>.rodata.gYAW_PWMConfig</name>
         <load_address>0x65cc</load_address>
         <readonly>true</readonly>
         <run_address>0x65cc</run_address>
         <size>0x8</size>
         <alignment>0x4</alignment>
         <input_file_ref idref="fl-4"/>
      </object_component>
      <object_component id="oc-100">
         <name>.rodata.str1.1204102649501173409.1</name>
         <load_address>0x65d4</load_address>
         <readonly>true</readonly>
         <run_address>0x65d4</run_address>
         <size>0x7</size>
         <alignment>0x1</alignment>
         <input_file_ref idref="fl-3"/>
      </object_component>
      <object_component id="oc-ff">
         <name>.rodata.str1.9488353182382806522.1</name>
         <load_address>0x65db</load_address>
         <readonly>true</readonly>
         <run_address>0x65db</run_address>
         <size>0x6</size>
         <alignment>0x1</alignment>
         <input_file_ref idref="fl-3"/>
      </object_component>
      <object_component id="oc-1e1">
         <name>.rodata.gPITCH_PWMClockConfig</name>
         <load_address>0x65e1</load_address>
         <readonly>true</readonly>
         <run_address>0x65e1</run_address>
         <size>0x3</size>
         <alignment>0x1</alignment>
         <input_file_ref idref="fl-4"/>
      </object_component>
      <object_component id="oc-1e3">
         <name>.rodata.gYAW_PWMClockConfig</name>
         <load_address>0x65e4</load_address>
         <readonly>true</readonly>
         <run_address>0x65e4</run_address>
         <size>0x3</size>
         <alignment>0x1</alignment>
         <input_file_ref idref="fl-4"/>
      </object_component>
      <object_component id="oc-1eb">
         <name>.rodata.gIMU601ClockConfig</name>
         <load_address>0x65e7</load_address>
         <readonly>true</readonly>
         <run_address>0x65e7</run_address>
         <size>0x2</size>
         <alignment>0x1</alignment>
         <input_file_ref idref="fl-4"/>
      </object_component>
      <object_component id="oc-1e6">
         <name>.rodata.gOLEDClockConfig</name>
         <load_address>0x65e9</load_address>
         <readonly>true</readonly>
         <run_address>0x65e9</run_address>
         <size>0x2</size>
         <alignment>0x1</alignment>
         <input_file_ref idref="fl-4"/>
      </object_component>
      <object_component id="oc-1e9">
         <name>.rodata.gTRACKING_UARTClockConfig</name>
         <load_address>0x65eb</load_address>
         <readonly>true</readonly>
         <run_address>0x65eb</run_address>
         <size>0x2</size>
         <alignment>0x1</alignment>
         <input_file_ref idref="fl-4"/>
      </object_component>
      <object_component id="oc-217">
         <name>.binit</name>
         <load_address>0x6680</load_address>
         <readonly>true</readonly>
         <run_address>0x6680</run_address>
         <size>0x10</size>
         <alignment>0x4</alignment>
      </object_component>
      <object_component id="oc-1fb">
         <name>.TI.ramfunc</name>
         <load_address>0x65f0</load_address>
         <readonly>true</readonly>
         <executable>true</executable>
         <run_address>0x20200a78</run_address>
         <size>0x60</size>
         <alignment>0x4</alignment>
         <input_file_ref idref="fl-1c"/>
      </object_component>
      <object_component id="oc-155">
         <name>.data.gStepRate</name>
         <load_address>0x20200ad8</load_address>
         <readwrite>true</readwrite>
         <run_address>0x20200ad8</run_address>
         <size>0x8</size>
         <alignment>0x4</alignment>
         <input_file_ref idref="fl-b"/>
      </object_component>
      <object_component id="oc-171">
         <name>.bss.gButtons</name>
         <uninitialized>true</uninitialized>
         <readwrite>true</readwrite>
         <run_address>0x20200980</run_address>
         <size>0x20</size>
         <alignment>0x4</alignment>
         <input_file_ref idref="fl-1"/>
      </object_component>
      <object_component id="oc-15e">
         <name>.bss.gTargetLeft</name>
         <uninitialized>true</uninitialized>
         <readwrite>true</readwrite>
         <run_address>0x20200a5c</run_address>
         <size>0x2</size>
         <alignment>0x2</alignment>
         <input_file_ref idref="fl-2"/>
      </object_component>
      <object_component id="oc-15f">
         <name>.bss.gTargetRight</name>
         <uninitialized>true</uninitialized>
         <readwrite>true</readwrite>
         <run_address>0x20200a5e</run_address>
         <size>0x2</size>
         <alignment>0x2</alignment>
         <input_file_ref idref="fl-2"/>
      </object_component>
      <object_component id="oc-160">
         <name>.bss.gLastCommandTime</name>
         <uninitialized>true</uninitialized>
         <readwrite>true</readwrite>
         <run_address>0x202009e4</run_address>
         <size>0x4</size>
         <alignment>0x4</alignment>
         <input_file_ref idref="fl-2"/>
      </object_component>
      <object_component id="oc-161">
         <name>.bss.gLastSpeedTransmitTime</name>
         <uninitialized>true</uninitialized>
         <readwrite>true</readwrite>
         <run_address>0x20200a08</run_address>
         <size>0x4</size>
         <alignment>0x4</alignment>
         <input_file_ref idref="fl-2"/>
      </object_component>
      <object_component id="oc-162">
         <name>.bss.gCommandValid</name>
         <uninitialized>true</uninitialized>
         <readwrite>true</readwrite>
         <run_address>0x20200a61</run_address>
         <size>0x1</size>
         <alignment>0x1</alignment>
         <input_file_ref idref="fl-2"/>
      </object_component>
      <object_component id="oc-163">
         <name>.bss.gTransmitImmediately</name>
         <uninitialized>true</uninitialized>
         <readwrite>true</readwrite>
         <run_address>0x20200a76</run_address>
         <size>0x1</size>
         <alignment>0x1</alignment>
         <input_file_ref idref="fl-2"/>
      </object_component>
      <object_component id="oc-164">
         <name>.bss.gClosedLoopEnabled</name>
         <uninitialized>true</uninitialized>
         <readwrite>true</readwrite>
         <run_address>0x20200a60</run_address>
         <size>0x1</size>
         <alignment>0x1</alignment>
         <input_file_ref idref="fl-2"/>
      </object_component>
      <object_component id="oc-79">
         <name>.bss.gStatus</name>
         <uninitialized>true</uninitialized>
         <readwrite>true</readwrite>
         <run_address>0x20200920</run_address>
         <size>0x30</size>
         <alignment>0x4</alignment>
         <input_file_ref idref="fl-2"/>
      </object_component>
      <object_component id="oc-7a">
         <name>.bss.gRxIndex</name>
         <uninitialized>true</uninitialized>
         <readwrite>true</readwrite>
         <run_address>0x20200a72</run_address>
         <size>0x1</size>
         <alignment>0x1</alignment>
         <input_file_ref idref="fl-2"/>
      </object_component>
      <object_component id="oc-7b">
         <name>.bss.gExpectedLength</name>
         <uninitialized>true</uninitialized>
         <readwrite>true</readwrite>
         <run_address>0x20200a65</run_address>
         <size>0x1</size>
         <alignment>0x1</alignment>
         <input_file_ref idref="fl-2"/>
      </object_component>
      <object_component id="oc-7c">
         <name>.bss.gRxBuffer</name>
         <uninitialized>true</uninitialized>
         <readwrite>true</readwrite>
         <run_address>0x202009a0</run_address>
         <size>0x15</size>
         <alignment>0x1</alignment>
         <input_file_ref idref="fl-2"/>
      </object_component>
      <object_component id="oc-74">
         <name>.bss.gIndex</name>
         <uninitialized>true</uninitialized>
         <readwrite>true</readwrite>
         <run_address>0x20200a67</run_address>
         <size>0x1</size>
         <alignment>0x1</alignment>
         <input_file_ref idref="fl-6"/>
      </object_component>
      <object_component id="oc-76">
         <name>.bss.gAttitude</name>
         <uninitialized>true</uninitialized>
         <readwrite>true</readwrite>
         <run_address>0x202009b8</run_address>
         <size>0x10</size>
         <alignment>0x4</alignment>
         <input_file_ref idref="fl-6"/>
      </object_component>
      <object_component id="oc-75">
         <name>.bss.gFrame</name>
         <uninitialized>true</uninitialized>
         <readwrite>true</readwrite>
         <run_address>0x202009c8</run_address>
         <size>0xc</size>
         <alignment>0x1</alignment>
         <input_file_ref idref="fl-6"/>
      </object_component>
      <object_component id="oc-167">
         <name>.bss.gEnabled</name>
         <uninitialized>true</uninitialized>
         <readwrite>true</readwrite>
         <run_address>0x20200a63</run_address>
         <size>0x1</size>
         <alignment>0x1</alignment>
         <input_file_ref idref="fl-7"/>
      </object_component>
      <object_component id="oc-168">
         <name>.bss.gLastProcessTime</name>
         <uninitialized>true</uninitialized>
         <readwrite>true</readwrite>
         <run_address>0x20200a04</run_address>
         <size>0x4</size>
         <alignment>0x4</alignment>
         <input_file_ref idref="fl-7"/>
      </object_component>
      <object_component id="oc-169">
         <name>.bss.gLineLostStartedAt</name>
         <uninitialized>true</uninitialized>
         <readwrite>true</readwrite>
         <run_address>0x20200a10</run_address>
         <size>0x4</size>
         <alignment>0x4</alignment>
         <input_file_ref idref="fl-7"/>
      </object_component>
      <object_component id="oc-16a">
         <name>.bss.gLastErrorTenths</name>
         <uninitialized>true</uninitialized>
         <readwrite>true</readwrite>
         <run_address>0x20200a50</run_address>
         <size>0x2</size>
         <alignment>0x2</alignment>
         <input_file_ref idref="fl-7"/>
      </object_component>
      <object_component id="oc-16b">
         <name>.bss.gPreviousErrorTenths</name>
         <uninitialized>true</uninitialized>
         <readwrite>true</readwrite>
         <run_address>0x20200a58</run_address>
         <size>0x2</size>
         <alignment>0x2</alignment>
         <input_file_ref idref="fl-7"/>
      </object_component>
      <object_component id="oc-16c">
         <name>.bss.gIntegralError</name>
         <uninitialized>true</uninitialized>
         <readwrite>true</readwrite>
         <run_address>0x20200a4e</run_address>
         <size>0x2</size>
         <alignment>0x2</alignment>
         <input_file_ref idref="fl-7"/>
      </object_component>
      <object_component id="oc-16d">
         <name>.bss.gFilteredDerivative</name>
         <uninitialized>true</uninitialized>
         <readwrite>true</readwrite>
         <run_address>0x20200a4c</run_address>
         <size>0x2</size>
         <alignment>0x2</alignment>
         <input_file_ref idref="fl-7"/>
      </object_component>
      <object_component id="oc-16e">
         <name>.bss.gLastTurnCommand</name>
         <uninitialized>true</uninitialized>
         <readwrite>true</readwrite>
         <run_address>0x20200a52</run_address>
         <size>0x2</size>
         <alignment>0x2</alignment>
         <input_file_ref idref="fl-7"/>
      </object_component>
      <object_component id="oc-140">
         <name>.bss.gInitializationAttempted</name>
         <uninitialized>true</uninitialized>
         <readwrite>true</readwrite>
         <run_address>0x20200a68</run_address>
         <size>0x1</size>
         <alignment>0x1</alignment>
         <input_file_ref idref="fl-9"/>
      </object_component>
      <object_component id="oc-141">
         <name>.bss.gPresent</name>
         <uninitialized>true</uninitialized>
         <readwrite>true</readwrite>
         <run_address>0x20200a6c</run_address>
         <size>0x1</size>
         <alignment>0x1</alignment>
         <input_file_ref idref="fl-9"/>
      </object_component>
      <object_component id="oc-142">
         <name>.bss.gRefreshActive</name>
         <uninitialized>true</uninitialized>
         <readwrite>true</readwrite>
         <run_address>0x20200a6d</run_address>
         <size>0x1</size>
         <alignment>0x1</alignment>
         <input_file_ref idref="fl-9"/>
      </object_component>
      <object_component id="oc-143">
         <name>.bss.gRefreshQueued</name>
         <uninitialized>true</uninitialized>
         <readwrite>true</readwrite>
         <run_address>0x20200a6f</run_address>
         <size>0x1</size>
         <alignment>0x1</alignment>
         <input_file_ref idref="fl-9"/>
      </object_component>
      <object_component id="oc-145">
         <name>.bss.gBuffer</name>
         <uninitialized>true</uninitialized>
         <readwrite>true</readwrite>
         <run_address>0x20200000</run_address>
         <size>0x400</size>
         <alignment>0x4</alignment>
         <input_file_ref idref="fl-9"/>
      </object_component>
      <object_component id="oc-149">
         <name>.bss.gPageAddressPending</name>
         <uninitialized>true</uninitialized>
         <readwrite>true</readwrite>
         <run_address>0x20200a6a</run_address>
         <size>0x1</size>
         <alignment>0x1</alignment>
         <input_file_ref idref="fl-9"/>
      </object_component>
      <object_component id="oc-147">
         <name>.bss.gRefreshPage</name>
         <uninitialized>true</uninitialized>
         <readwrite>true</readwrite>
         <run_address>0x20200a6e</run_address>
         <size>0x1</size>
         <alignment>0x1</alignment>
         <input_file_ref idref="fl-9"/>
      </object_component>
      <object_component id="oc-148">
         <name>.bss.gRefreshX</name>
         <uninitialized>true</uninitialized>
         <readwrite>true</readwrite>
         <run_address>0x20200a70</run_address>
         <size>0x1</size>
         <alignment>0x1</alignment>
         <input_file_ref idref="fl-9"/>
      </object_component>
      <object_component id="oc-146">
         <name>.bss.gTransmitBuffer</name>
         <uninitialized>true</uninitialized>
         <readwrite>true</readwrite>
         <run_address>0x20200400</run_address>
         <size>0x400</size>
         <alignment>0x4</alignment>
         <input_file_ref idref="fl-9"/>
      </object_component>
      <object_component id="oc-17b">
         <name>.bss.gStatus</name>
         <uninitialized>true</uninitialized>
         <readwrite>true</readwrite>
         <run_address>0x202008e8</run_address>
         <size>0x38</size>
         <alignment>0x4</alignment>
         <input_file_ref idref="fl-a"/>
      </object_component>
      <object_component id="oc-17c">
         <name>.bss.gProfile</name>
         <uninitialized>true</uninitialized>
         <readwrite>true</readwrite>
         <run_address>0x202008a0</run_address>
         <size>0x48</size>
         <alignment>0x4</alignment>
         <input_file_ref idref="fl-a"/>
      </object_component>
      <object_component id="oc-1a3">
         <name>.bss.gLastLineSeenTime</name>
         <uninitialized>true</uninitialized>
         <readwrite>true</readwrite>
         <run_address>0x20200a00</run_address>
         <size>0x4</size>
         <alignment>0x4</alignment>
         <input_file_ref idref="fl-a"/>
      </object_component>
      <object_component id="oc-17d">
         <name>.bss.gStage</name>
         <uninitialized>true</uninitialized>
         <readwrite>true</readwrite>
         <run_address>0x20200a74</run_address>
         <size>0x1</size>
         <alignment>0x1</alignment>
         <input_file_ref idref="fl-a"/>
      </object_component>
      <object_component id="oc-189">
         <name>.bss.gIntersectionArmed</name>
[...]
      </symbol>
      <symbol id="sm-10d">
         <name>SYSCFG_DL_SYSTICK_init</name>
         <value>0x6149</value>
         <object_component_ref idref="oc-12f"/>
      </symbol>
      <symbol id="sm-10e">
         <name>SYSCFG_DL_SYSCTL_CLK_init</name>
         <value>0x6091</value>
         <object_component_ref idref="oc-130"/>
      </symbol>
      <symbol id="sm-10f">
         <name>gYAW_PWMBackup</name>
         <value>0x20200800</value>
      </symbol>
      <symbol id="sm-110">
         <name>gIMU601Backup</name>
         <value>0x20200950</value>
      </symbol>
      <symbol id="sm-111">
         <name>SYSCFG_DL_SYSCTL_SYSPLL_init</name>
         <value>0x2b01</value>
         <object_component_ref idref="oc-1da"/>
      </symbol>
      <symbol id="sm-11c">
         <name>Default_Handler</name>
         <value>0x5587</value>
         <object_component_ref idref="oc-36"/>
      </symbol>
      <symbol id="sm-11d">
         <name>Reset_Handler</name>
         <value>0x6317</value>
         <object_component_ref idref="oc-32"/>
      </symbol>
      <symbol id="sm-11e">
         <name>interruptVectors</name>
         <value>0x0</value>
         <object_component_ref idref="oc-19"/>
      </symbol>
      <symbol id="sm-11f">
         <name>NMI_Handler</name>
         <value>0x5587</value>
         <object_component_ref idref="oc-36"/>
      </symbol>
      <symbol id="sm-120">
         <name>HardFault_Handler</name>
         <value>0x5587</value>
         <object_component_ref idref="oc-36"/>
      </symbol>
      <symbol id="sm-121">
         <name>SVC_Handler</name>
         <value>0x5587</value>
         <object_component_ref idref="oc-36"/>
      </symbol>
      <symbol id="sm-122">
         <name>PendSV_Handler</name>
         <value>0x5587</value>
         <object_component_ref idref="oc-36"/>
      </symbol>
      <symbol id="sm-123">
         <name>GROUP0_IRQHandler</name>
         <value>0x5587</value>
         <object_component_ref idref="oc-36"/>
      </symbol>
      <symbol id="sm-124">
         <name>GROUP1_IRQHandler</name>
         <value>0x5587</value>
         <object_component_ref idref="oc-36"/>
      </symbol>
      <symbol id="sm-125">
         <name>TIMG8_IRQHandler</name>
         <value>0x5587</value>
         <object_component_ref idref="oc-36"/>
      </symbol>
      <symbol id="sm-126">
         <name>ADC0_IRQHandler</name>
         <value>0x5587</value>
         <object_component_ref idref="oc-36"/>
      </symbol>
      <symbol id="sm-127">
         <name>ADC1_IRQHandler</name>
         <value>0x5587</value>
         <object_component_ref idref="oc-36"/>
      </symbol>
      <symbol id="sm-128">
         <name>CANFD0_IRQHandler</name>
         <value>0x5587</value>
         <object_component_ref idref="oc-36"/>
      </symbol>
      <symbol id="sm-129">
         <name>DAC0_IRQHandler</name>
         <value>0x5587</value>
         <object_component_ref idref="oc-36"/>
      </symbol>
      <symbol id="sm-12a">
         <name>SPI0_IRQHandler</name>
         <value>0x5587</value>
         <object_component_ref idref="oc-36"/>
      </symbol>
      <symbol id="sm-12b">
         <name>SPI1_IRQHandler</name>
         <value>0x5587</value>
         <object_component_ref idref="oc-36"/>
      </symbol>
      <symbol id="sm-12c">
         <name>UART2_IRQHandler</name>
         <value>0x5587</value>
         <object_component_ref idref="oc-36"/>
      </symbol>
      <symbol id="sm-12d">
         <name>TIMG0_IRQHandler</name>
         <value>0x5587</value>
         <object_component_ref idref="oc-36"/>
      </symbol>
      <symbol id="sm-12e">
         <name>TIMG6_IRQHandler</name>
         <value>0x5587</value>
         <object_component_ref idref="oc-36"/>
      </symbol>
      <symbol id="sm-12f">
         <name>TIMA0_IRQHandler</name>
         <value>0x5587</value>
         <object_component_ref idref="oc-36"/>
      </symbol>
      <symbol id="sm-130">
         <name>TIMA1_IRQHandler</name>
         <value>0x5587</value>
         <object_component_ref idref="oc-36"/>
      </symbol>
      <symbol id="sm-131">
         <name>TIMG7_IRQHandler</name>
         <value>0x5587</value>
         <object_component_ref idref="oc-36"/>
      </symbol>
      <symbol id="sm-132">
         <name>TIMG12_IRQHandler</name>
         <value>0x5587</value>
         <object_component_ref idref="oc-36"/>
      </symbol>
      <symbol id="sm-133">
         <name>I2C0_IRQHandler</name>
         <value>0x5587</value>
         <object_component_ref idref="oc-36"/>
      </symbol>
      <symbol id="sm-134">
         <name>I2C1_IRQHandler</name>
         <value>0x5587</value>
         <object_component_ref idref="oc-36"/>
      </symbol>
      <symbol id="sm-135">
         <name>AES_IRQHandler</name>
         <value>0x5587</value>
         <object_component_ref idref="oc-36"/>
      </symbol>
      <symbol id="sm-136">
         <name>RTC_IRQHandler</name>
         <value>0x5587</value>
         <object_component_ref idref="oc-36"/>
      </symbol>
      <symbol id="sm-137">
         <name>DMA_IRQHandler</name>
         <value>0x5587</value>
         <object_component_ref idref="oc-36"/>
      </symbol>
      <symbol id="sm-14e">
         <name>IMU601_init</name>
         <value>0x3661</value>
         <object_component_ref idref="oc-cd"/>
      </symbol>
      <symbol id="sm-14f">
         <name>IMU601_getAttitude</name>
         <value>0x5fad</value>
         <object_component_ref idref="oc-e9"/>
      </symbol>
      <symbol id="sm-150">
         <name>UART3_IRQHandler</name>
         <value>0x4b8d</value>
         <object_component_ref idref="oc-3c"/>
      </symbol>
      <symbol id="sm-174">
         <name>LineFollower_init</name>
         <value>0x5eb1</value>
         <object_component_ref idref="oc-c2"/>
      </symbol>
      <symbol id="sm-175">
         <name>LineFollower_process</name>
         <value>0x5221</value>
         <object_component_ref idref="oc-e3"/>
      </symbol>
      <symbol id="sm-176">
         <name>LineFollower_getObservation</name>
         <value>0x3265</value>
         <object_component_ref idref="oc-19a"/>
      </symbol>
      <symbol id="sm-177">
         <name>LineFollower_setEnabled</name>
         <value>0x5bfd</value>
         <object_component_ref idref="oc-d9"/>
      </symbol>
      <symbol id="sm-187">
         <name>LineSensor_init</name>
         <value>0x5a83</value>
         <object_component_ref idref="oc-bd"/>
      </symbol>
      <symbol id="sm-188">
         <name>LineSensor_readRaw</name>
         <value>0x5cad</value>
         <object_component_ref idref="oc-e7"/>
      </symbol>
      <symbol id="sm-189">
         <name>LineSensor_countBlack</name>
         <value>0x5689</value>
         <object_component_ref idref="oc-fd"/>
      </symbol>
      <symbol id="sm-1bd">
         <name>OLED_Init</name>
         <value>0x4451</value>
         <object_component_ref idref="oc-b0"/>
      </symbol>
      <symbol id="sm-1be">
         <name>OLED_Clear</name>
         <value>0x6249</value>
         <object_component_ref idref="oc-ec"/>
      </symbol>
      <symbol id="sm-1bf">
         <name>OLED_Refresh</name>
         <value>0x5ba1</value>
         <object_component_ref idref="oc-d1"/>
      </symbol>
      <symbol id="sm-1c0">
         <name>OLED_IsPresent</name>
         <value>0x62bd</value>
         <object_component_ref idref="oc-e5"/>
      </symbol>
      <symbol id="sm-1c1">
         <name>OLED_ShowString</name>
         <value>0x3dbd</value>
         <object_component_ref idref="oc-d0"/>
      </symbol>
      <symbol id="sm-1c2">
         <name>OLED_Process</name>
         <value>0x40b5</value>
         <object_component_ref idref="oc-e6"/>
      </symbol>
      <symbol id="sm-239">
         <name>PathNavigation_init</name>
         <value>0x4fd5</value>
         <object_component_ref idref="oc-ce"/>
      </symbol>
      <symbol id="sm-23a">
         <name>PathNavigation_startRecording</name>
         <value>0x3bfd</value>
         <object_component_ref idref="oc-e0"/>
      </symbol>
      <symbol id="sm-23b">
         <name>PathNavigation_finishRecording</name>
         <value>0x23cd</value>
         <object_component_ref idref="oc-dc"/>
      </symbol>
      <symbol id="sm-23c">
         <name>PathNavigation_startReplay</name>
         <value>0x3a39</value>
         <object_component_ref idref="oc-df"/>
      </symbol>
      <symbol id="sm-23d">
         <name>PathNavigation_stop</name>
         <value>0x4f09</value>
         <object_component_ref idref="oc-d6"/>
      </symbol>
      <symbol id="sm-23e">
         <name>PathNavigation_process</name>
         <value>0x1ed9</value>
         <object_component_ref idref="oc-e2"/>
      </symbol>
      <symbol id="sm-23f">
         <name>PathNavigation_hasPath</name>
         <value>0x62c9</value>
         <object_component_ref idref="oc-de"/>
      </symbol>
      <symbol id="sm-240">
         <name>PathNavigation_isActive</name>
         <value>0x6205</value>
         <object_component_ref idref="oc-d5"/>
      </symbol>
      <symbol id="sm-241">
         <name>PathNavigation_getStatus</name>
         <value>0x6129</value>
         <object_component_ref idref="oc-db"/>
      </symbol>
      <symbol id="sm-260">
         <name>StepperMotor_init</name>
         <value>0x52e1</value>
         <object_component_ref idref="oc-b6"/>
      </symbol>
      <symbol id="sm-261">
         <name>StepperMotor_setMotorStepRate</name>
         <value>0x544d</value>
         <object_component_ref idref="oc-1a6"/>
      </symbol>
      <symbol id="sm-262">
         <name>StepperMotor_start</name>
         <value>0x5609</value>
         <object_component_ref idref="oc-1a8"/>
      </symbol>
      <symbol id="sm-263">
         <name>StepperMotor_hold</name>
         <value>0x5f71</value>
         <object_component_ref idref="oc-18e"/>
      </symbol>
      <symbol id="sm-264">
         <name>StepperMotor_setDirection</name>
         <value>0x4e31</value>
         <object_component_ref idref="oc-1a7"/>
      </symbol>
      <symbol id="sm-29e">
         <name>TrackingController_init</name>
         <value>0x58d9</value>
         <object_component_ref idref="oc-bb"/>
      </symbol>
      <symbol id="sm-29f">
         <name>TrackingController_process</name>
         <value>0x478d</value>
         <object_component_ref idref="oc-e1"/>
      </symbol>
      <symbol id="sm-2a0">
         <name>TrackingController_setEnabled</name>
         <value>0x621d</value>
         <object_component_ref idref="oc-d8"/>
      </symbol>
      <symbol id="sm-2a1">
         <name>TrackingController_isEnabled</name>
         <value>0x62e1</value>
         <object_component_ref idref="oc-d7"/>
      </symbol>
      <symbol id="sm-2a2">
         <name>TrackingController_getStatus</name>
         <value>0x6011</value>
         <object_component_ref idref="oc-ea"/>
      </symbol>
      <symbol id="sm-2a3">
         <name>TrackingController_getMilliseconds</name>
         <value>0x62d5</value>
         <object_component_ref idref="oc-d2"/>
      </symbol>
      <symbol id="sm-2a4">
         <name>SysTick_Handler</name>
         <value>0x6291</value>
         <object_component_ref idref="oc-37"/>
      </symbol>
      <symbol id="sm-2a5">
         <name>UART0_IRQHandler</name>
         <value>0x4a9d</value>
         <object_component_ref idref="oc-48"/>
      </symbol>
      <symbol id="sm-2a6">
         <name>__TI_ATRegion0_src_addr</name>
         <value>0x0</value>
      </symbol>
      <symbol id="sm-2a7">
         <name>__TI_ATRegion0_trg_addr</name>
         <value>0x0</value>
      </symbol>
      <symbol id="sm-2a8">
         <name>__TI_ATRegion0_region_sz</name>
         <value>0x0</value>
      </symbol>
      <symbol id="sm-2a9">
         <name>__TI_ATRegion1_src_addr</name>
         <value>0x0</value>
      </symbol>
      <symbol id="sm-2aa">
         <name>__TI_ATRegion1_trg_addr</name>
         <value>0x0</value>
      </symbol>
      <symbol id="sm-2ab">
         <name>__TI_ATRegion1_region_sz</name>
         <value>0x0</value>
      </symbol>
      <symbol id="sm-2ac">
         <name>__TI_ATRegion2_src_addr</name>
         <value>0x0</value>
      </symbol>
      <symbol id="sm-2ad">
         <name>__TI_ATRegion2_trg_addr</name>
         <value>0x0</value>
      </symbol>
      <symbol id="sm-2ae">
         <name>__TI_ATRegion2_region_sz</name>
         <value>0x0</value>
      </symbol>
      <symbol id="sm-2b7">
         <name>DL_Common_delayCycles</name>
         <value>0x62f9</value>
         <object_component_ref idref="oc-135"/>
      </symbol>
      <symbol id="sm-2cf">
         <name>DL_FlashCTL_eraseMemoryFromRAM</name>
         <value>0x61d5</value>
         <object_component_ref idref="oc-195"/>
      </symbol>
      <symbol id="sm-2d0">
         <name>DL_FlashCTL_unprotectSector</name>
         <value>0x4d59</value>
         <object_component_ref idref="oc-18f"/>
      </symbol>
      <symbol id="sm-2d1">
         <name>DL_FlashCTL_programMemoryFromRAM64WithECCGenerated</name>
         <value>0x6069</value>
         <object_component_ref idref="oc-196"/>
      </symbol>
      <symbol id="sm-2d2">
         <name>DL_FlashCTL_protectMainMemory</name>
         <value>0x6235</value>
         <object_component_ref idref="oc-197"/>
      </symbol>
      <symbol id="sm-2e4">
         <name>DL_I2C_setClockConfig</name>
         <value>0x60e1</value>
         <object_component_ref idref="oc-1e5"/>
      </symbol>
      <symbol id="sm-2e5">
         <name>DL_I2C_fillControllerTXFIFO</name>
         <value>0x5ae5</value>
         <object_component_ref idref="oc-1f4"/>
      </symbol>
      <symbol id="sm-2e6">
         <name>DL_I2C_flushControllerTXFIFO</name>
         <value>0x5f35</value>
         <object_component_ref idref="oc-139"/>
      </symbol>
      <symbol id="sm-2fd">
         <name>DL_Timer_setClockConfig</name>
         <value>0x61a1</value>
         <object_component_ref idref="oc-1dd"/>
      </symbol>
      <symbol id="sm-2fe">
         <name>DL_Timer_setCaptureCompareValue</name>
         <value>0x6281</value>
         <object_component_ref idref="oc-14c"/>
      </symbol>
      <symbol id="sm-2ff">
         <name>DL_Timer_setCaptCompUpdateMethod</name>
         <value>0x6185</value>
         <object_component_ref idref="oc-1e0"/>
      </symbol>
      <symbol id="sm-300">
         <name>DL_Timer_setCaptureCompareOutCtl</name>
         <value>0x61ed</value>
         <object_component_ref idref="oc-1df"/>
      </symbol>
      <symbol id="sm-301">
         <name>DL_Timer_initFourCCPWMMode</name>
         <value>0x4895</value>
         <object_component_ref idref="oc-1de"/>
      </symbol>
      <symbol id="sm-311">
         <name>DL_UART_init</name>
         <value>0x5d99</value>
         <object_component_ref idref="oc-1e8"/>
      </symbol>
      <symbol id="sm-312">
         <name>DL_UART_setClockConfig</name>
         <value>0x625d</value>
         <object_component_ref idref="oc-1e7"/>
      </symbol>
      <symbol id="sm-313">
         <name>DL_UART_transmitDataBlocking</name>
         <value>0x5fe1</value>
         <object_component_ref idref="oc-174"/>
      </symbol>
      <symbol id="sm-324">
         <name>DL_SYSCTL_configSYSPLL</name>
         <value>0x4c7d</value>
         <object_component_ref idref="oc-1d4"/>
      </symbol>
      <symbol id="sm-325">
         <name>DL_SYSCTL_switchMCLKfromSYSOSCtoHSCLK</name>
         <value>0x5e6d</value>
         <object_component_ref idref="oc-1db"/>
      </symbol>
      <symbol id="sm-326">
         <name>DL_SYSCTL_configFCC</name>
         <value>0x6169</value>
         <object_component_ref idref="oc-20d"/>
      </symbol>
      <symbol id="sm-331">
         <name>_c_int00_noargs</name>
         <value>0x60b9</value>
         <object_component_ref idref="oc-65"/>
      </symbol>
      <symbol id="sm-332">
         <name>__stack</name>
         <value>0x20207e00</value>
         <object_component_ref idref="oc-1b"/>
      </symbol>
      <symbol id="sm-33e">
         <name>__TI_auto_init_nopinit</name>
         <value>0x5d4d</value>
         <object_component_ref idref="oc-113"/>
      </symbol>
      <symbol id="sm-346">
         <name>_system_pre_init</name>
         <value>0x631b</value>
         <object_component_ref idref="oc-8f"/>
      </symbol>
      <symbol id="sm-350">
         <name>copy_in</name>
         <value>0x5d01</value>
         <object_component_ref idref="oc-1cf"/>
      </symbol>
      <symbol id="sm-35a">
         <name>__TI_zero_init</name>
         <value>0x62a1</value>
         <object_component_ref idref="oc-62"/>
      </symbol>
      <symbol id="sm-363">
         <name>__TI_decompress_none</name>
         <value>0x626f</value>
         <object_component_ref idref="oc-21"/>
      </symbol>
      <symbol id="sm-36e">
         <name>__TI_decompress_lzss</name>
         <value>0x5705</value>
         <object_component_ref idref="oc-1d"/>
      </symbol>
      <symbol id="sm-378">
         <name>abort</name>
         <value>0x630d</value>
         <object_component_ref idref="oc-105"/>
      </symbol>
      <symbol id="sm-382">
         <name>HOSTexit</name>
         <value>0x6313</value>
         <object_component_ref idref="oc-1c3"/>
      </symbol>
      <symbol id="sm-383">
         <name>C$$EXIT</name>
         <value>0x6312</value>
         <object_component_ref idref="oc-1c3"/>
      </symbol>
      <symbol id="sm-389">
         <name>__aeabi_idiv</name>
         <value>0x5c55</value>
         <object_component_ref idref="oc-1ad"/>
      </symbol>
      <symbol id="sm-38a">
         <name>__aeabi_idivmod</name>
         <value>0x5c55</value>
         <object_component_ref idref="oc-1ad"/>
      </symbol>
      <symbol id="sm-390">
         <name>__aeabi_memcpy</name>
         <value>0x6305</value>
         <object_component_ref idref="oc-55"/>
      </symbol>
      <symbol id="sm-391">
         <name>__aeabi_memcpy4</name>
         <value>0x6305</value>
         <object_component_ref idref="oc-55"/>
      </symbol>
      <symbol id="sm-392">
         <name>__aeabi_memcpy8</name>
         <value>0x6305</value>
         <object_component_ref idref="oc-55"/>
      </symbol>
      <symbol id="sm-399">
         <name>__aeabi_memclr</name>
         <value>0x62ed</value>
         <object_component_ref idref="oc-8a"/>
      </symbol>
      <symbol id="sm-39a">
         <name>__aeabi_memclr4</name>
         <value>0x62ed</value>
         <object_component_ref idref="oc-8a"/>
      </symbol>
      <symbol id="sm-39b">
         <name>__aeabi_memclr8</name>
         <value>0x62ed</value>
         <object_component_ref idref="oc-8a"/>
      </symbol>
      <symbol id="sm-3a1">
         <name>__aeabi_uidiv</name>
         <value>0x5ef5</value>
         <object_component_ref idref="oc-ed"/>
      </symbol>
      <symbol id="sm-3a2">
         <name>__aeabi_uidivmod</name>
         <value>0x5ef5</value>
         <object_component_ref idref="oc-ed"/>
      </symbol>
      <symbol id="sm-3ac">
         <name>__aeabi_idiv0</name>
         <value>0x5b43</value>
         <object_component_ref idref="oc-1b2"/>
      </symbol>
      <symbol id="sm-3c5">
         <name>memcpy</name>
         <value>0x54ed</value>
         <object_component_ref idref="oc-a6"/>
      </symbol>
      <symbol id="sm-3d4">
         <name>memset</name>
         <value>0x5a21</value>
         <object_component_ref idref="oc-124"/>
      </symbol>
      <symbol id="sm-3d5">
         <name>__TI_static_base__</name>
         <value>0x0</value>
      </symbol>
      <symbol id="sm-3d9">
         <name>__mpu_init</name>
         <value>0x0</value>
      </symbol>
      <symbol id="sm-3da">
         <name>_system_post_cinit</name>
         <value>0x0</value>
      </symbol>
   </symbol_table>
   <title>Link successful</title>
</link_info>
