******************************************************************************
            TI ARM Clang Linker PC v4.0.4                      
******************************************************************************
>> Linked Sun Jul 12 17:35:41 2026

OUTPUT FILE NAME:   <driver.out>
ENTRY POINT SYMBOL: "_c_int00_noargs"  address: 00001035


MEMORY CONFIGURATION

         name            origin    length      used     unused   attr    fill
----------------------  --------  ---------  --------  --------  ----  --------
  FLASH                 00000000   00020000  000012b8  0001ed48  R  X
  SRAM                  20200000   00008000  000002ed  00007d13  RW X
  BCR_CONFIG            41c00000   000000ff  00000000  000000ff  R   
  BSL_CONFIG            41c00100   00000080  00000000  00000080  R   


SEGMENT ALLOCATION MAP

run origin  load origin   length   init length attrs members
----------  ----------- ---------- ----------- ----- -------
00000000    00000000    000012b8   000012b8    r-x
  00000000    00000000    000000c0   000000c0    r-- .intvecs
  000000c0    000000c0    00001178   00001178    r-x .text
  00001238    00001238    00000050   00000050    r-- .rodata
  00001288    00001288    00000030   00000030    r-- .cinit
20200000    20200000    000000f0   00000000    rw-
  20200000    20200000    000000e5   00000000    rw- .bss
  202000e8    202000e8    00000008   00000000    rw- .data
20207e00    20207e00    00000200   00000000    rw-
  20207e00    20207e00    00000200   00000000    rw- .stack


SECTION ALLOCATION MAP

 output                                  attributes/
section   page    origin      length       input sections
--------  ----  ----------  ----------   ----------------
.intvecs   0    00000000    000000c0     
                  00000000    000000c0     startup_mspm0g350x_ticlang.o (.intvecs)

.text      0    000000c0    00001178     
                  000000c0    000002a8     ti_msp_dl_config.o (.text.SYSCFG_DL_SYSCTL_SYSPLL_init)
                  00000368    00000104     driverlib.a : dl_timer.o (.text.DL_Timer_initFourCCPWMMode)
                  0000046c    000000fc     tracking_controller.o (.text.TrackingController_process)
                  00000568    000000f0     tracking_controller.o (.text.UART2_IRQHandler)
                  00000658    000000dc     driverlib.a : dl_sysctl_mspm0g1x0x_g3x0x.o (.text.DL_SYSCTL_configSYSPLL)
                  00000734    000000d8     stepper_motor.o (.text.StepperMotor_setDirection)
                  0000080c    000000bc     stepper_motor.o (.text.StepperMotor_init)
                  000008c8    000000a8     ti_msp_dl_config.o (.text.SYSCFG_DL_SYSCTL_init)
                  00000970    000000a0     stepper_motor.o (.text.StepperMotor_setMotorStepRate)
                  00000a10    0000009a     libc.a : memcpy16.S.obj (.text:memcpy)
                  00000aaa    00000002     libclang_rt.builtins.a : aeabi_div0.c.obj (.text.__aeabi_idiv0)
                  00000aac    00000084     tracking_controller.o (.text.TrackingController_init)
                  00000b30    00000080     stepper_motor.o (.text.StepperMotor_start)
                  00000bb0    0000007c     libc.a : copy_decompress_lzss.c.obj (.text:decompress:lzss)
                  00000c2c    00000074     ti_msp_dl_config.o (.text.SYSCFG_DL_TRACKING_UART_init)
                  00000ca0    0000006c     ti_msp_dl_config.o (.text.SYSCFG_DL_PITCH_PWM_init)
                  00000d0c    0000006c     ti_msp_dl_config.o (.text.SYSCFG_DL_YAW_PWM_init)
                  00000d78    0000004c     empty.o (.text.main)
                  00000dc4    00000048     driverlib.a : dl_uart.o (.text.DL_UART_init)
                  00000e0c    00000048     ti_msp_dl_config.o (.text.SYSCFG_DL_GPIO_init)
                  00000e54    00000048     ti_msp_dl_config.o (.text.SYSCFG_DL_initPower)
                  00000e9c    00000048     fault_diagnostics.o (.text.trap)
                  00000ee4    00000044     driverlib.a : dl_sysctl_mspm0g1x0x_g3x0x.o (.text.DL_SYSCTL_switchMCLKfromSYSOSCtoHSCLK)
                  00000f28    00000040     libclang_rt.builtins.a : aeabi_uidivmod.S.obj (.text.__aeabi_uidivmod)
                  00000f68    0000003c     stepper_motor.o (.text.StepperMotor_hold)
                  00000fa4    0000003c     libc.a : autoinit.c.obj (.text:__TI_auto_init_nobinit_nopinit)
                  00000fe0    0000002c     ti_msp_dl_config.o (.text.SYSCFG_DL_init)
                  0000100c    00000028     ti_msp_dl_config.o (.text.SYSCFG_DL_SYSCTL_CLK_init)
                  00001034    00000028     libc.a : boot_cortex_m.c.obj (.text:_c_int00_noargs)
                  0000105c    0000001c     driverlib.a : dl_sysctl_mspm0g1x0x_g3x0x.o (.text.DL_SYSCTL_configFCC)
                  00001078    0000001c                 : dl_timer.o (.text.DL_Timer_setCaptCompUpdateMethod)
                  00001094    0000001c                 : dl_timer.o (.text.DL_Timer_setClockConfig)
                  000010b0    00000018                 : dl_timer.o (.text.DL_Timer_setCaptureCompareOutCtl)
                  000010c8    00000016     libc.a : copy_zero_init.c.obj (.text:decompress:ZI:__TI_zero_init_nomemset)
                  000010de    00000012     driverlib.a : dl_uart.o (.text.DL_UART_setClockConfig)
                  000010f0    00000012     libc.a : copy_decompress_none.c.obj (.text:decompress:none)
                  00001102    00000002     --HOLE-- [fill = 0]
                  00001104    00000010     driverlib.a : dl_timer.o (.text.DL_Timer_setCaptureCompareValue)
                  00001114    00000010     tracking_controller.o (.text.SysTick_Handler)
                  00001124    0000000c     fault_diagnostics.o (.text.FaultDiagnostics_setStage)
                  00001130    0000000a     driverlib.a : dl_common.o (.text.DL_Common_delayCycles)
                  0000113a    00000008     fault_diagnostics.o (.text.ADC0_IRQHandler)
                  00001142    00000008     fault_diagnostics.o (.text.ADC1_IRQHandler)
                  0000114a    00000008     fault_diagnostics.o (.text.AES_IRQHandler)
                  00001152    00000008     fault_diagnostics.o (.text.CANFD0_IRQHandler)
                  0000115a    00000008     fault_diagnostics.o (.text.DAC0_IRQHandler)
                  00001162    00000008     fault_diagnostics.o (.text.DMA_IRQHandler)
                  0000116a    00000008     fault_diagnostics.o (.text.FaultDiagnostics_captureHardFault)
                  00001172    00000008     fault_diagnostics.o (.text.GROUP0_IRQHandler)
                  0000117a    00000008     fault_diagnostics.o (.text.GROUP1_IRQHandler)
                  00001182    00000008     fault_diagnostics.o (.text.I2C0_IRQHandler)
                  0000118a    00000008     fault_diagnostics.o (.text.I2C1_IRQHandler)
                  00001192    00000008     fault_diagnostics.o (.text.NMI_Handler)
                  0000119a    00000008     fault_diagnostics.o (.text.PendSV_Handler)
                  000011a2    00000008     fault_diagnostics.o (.text.RTC_IRQHandler)
                  000011aa    00000008     fault_diagnostics.o (.text.SPI0_IRQHandler)
                  000011b2    00000008     fault_diagnostics.o (.text.SPI1_IRQHandler)
                  000011ba    00000008     fault_diagnostics.o (.text.SVC_Handler)
                  000011c2    00000008     fault_diagnostics.o (.text.TIMA0_IRQHandler)
                  000011ca    00000008     fault_diagnostics.o (.text.TIMA1_IRQHandler)
                  000011d2    00000008     fault_diagnostics.o (.text.TIMG0_IRQHandler)
                  000011da    00000008     fault_diagnostics.o (.text.TIMG12_IRQHandler)
                  000011e2    00000008     fault_diagnostics.o (.text.TIMG6_IRQHandler)
                  000011ea    00000008     fault_diagnostics.o (.text.TIMG7_IRQHandler)
                  000011f2    00000008     fault_diagnostics.o (.text.TIMG8_IRQHandler)
                  000011fa    00000008     fault_diagnostics.o (.text.UART0_IRQHandler)
                  00001202    00000008     fault_diagnostics.o (.text.UART1_IRQHandler)
                  0000120a    00000008     fault_diagnostics.o (.text.UART3_IRQHandler)
                  00001212    00000002     --HOLE-- [fill = 0]
                  00001214    00000008     libclang_rt.builtins.a : aeabi_memcpy.S.obj (.text.__aeabi_memcpy)
                  0000121c    00000006     fault_diagnostics.o (.text.HardFault_Handler)
                  00001222    00000006     libc.a : exit.c.obj (.text:abort)
                  00001228    00000004     libsysbm.a : hostexit.c.obj (.text.HOSTexit)
                  0000122c    00000004     startup_mspm0g350x_ticlang.o (.text.Reset_Handler)
                  00001230    00000004     libc.a : pre_init.c.obj (.text._system_pre_init)
                  00001234    00000004     --HOLE-- [fill = 0]

.cinit     0    00001288    00000030     
                  00001288    0000000c     (__TI_handler_table)
                  00001294    0000000a     (.cinit..data.load) [load image, compression = lzss]
                  0000129e    00000002     --HOLE-- [fill = 0]
                  000012a0    00000008     (.cinit..bss.load) [load image, compression = zero_init]
                  000012a8    00000010     (__TI_cinit_table)

.rodata    0    00001238    00000050     
                  00001238    00000028     ti_msp_dl_config.o (.rodata.gSYSPLLConfig)
                  00001260    0000000a     ti_msp_dl_config.o (.rodata.gTRACKING_UARTConfig)
                  0000126a    00000002     ti_msp_dl_config.o (.rodata.gTRACKING_UARTClockConfig)
                  0000126c    00000008     ti_msp_dl_config.o (.rodata.gPITCH_PWMConfig)
                  00001274    00000008     ti_msp_dl_config.o (.rodata.gYAW_PWMConfig)
                  0000127c    00000003     ti_msp_dl_config.o (.rodata.gPITCH_PWMClockConfig)
                  0000127f    00000003     ti_msp_dl_config.o (.rodata.gYAW_PWMClockConfig)
                  00001282    00000006     --HOLE-- [fill = 0]

.init_array 
*          0    00000000    00000000     UNINITIALIZED

.binit     0    00000000    00000000     

.bss       0    20200000    000000e5     UNINITIALIZED
                  20200000    000000a0     (.common:gYAW_PWMBackup)
                  202000a0    00000020     (.common:gFaultInfo)
                  202000c0    00000004     tracking_controller.o (.bss.gInvalidFrameCount)
                  202000c4    00000004     tracking_controller.o (.bss.gLastFrameTime)
                  202000c8    00000004     tracking_controller.o (.bss.gMilliseconds)
                  202000cc    00000004     tracking_controller.o (.bss.gPayload)
                  202000d0    00000004     tracking_controller.o (.bss.gValidFrameCount)
                  202000d4    00000004     (.common:gStartupStage)
                  202000d8    00000002     tracking_controller.o (.bss.gErrX)
                  202000da    00000002     tracking_controller.o (.bss.gErrY)
                  202000dc    00000002     tracking_controller.o (.bss.gPendingErrX)
                  202000de    00000002     tracking_controller.o (.bss.gPendingErrY)
                  202000e0    00000001     stepper_motor.o (.bss.gDirectionMask)
                  202000e1    00000001     stepper_motor.o (.bss.gEnabledMask)
                  202000e2    00000001     tracking_controller.o (.bss.gFrameReady)
                  202000e3    00000001     tracking_controller.o (.bss.gParserState)
                  202000e4    00000001     stepper_motor.o (.bss.gRunningMask)

.data      0    202000e8    00000008     UNINITIALIZED
                  202000e8    00000008     stepper_motor.o (.data.gStepRate)

.stack     0    20207e00    00000200     UNINITIALIZED
                  20207e00    00000004     libc.a : boot_cortex_m.c.obj (.stack)
                  20207e04    000001fc     --HOLE--

__llvm_prf_cnts 
*          0    20200000    00000000     UNINITIALIZED

__llvm_prf_bits 
*          0    20200000    00000000     UNINITIALIZED

MODULE SUMMARY

       Module                         code   ro data   rw data
       ------                         ----   -------   -------
    .\
       ti_msp_dl_config.o             1408   74        160    
       stepper_motor.o                752    0         11     
       tracking_controller.o          640    0         30     
       fault_diagnostics.o            306    0         36     
       startup_mspm0g350x_ticlang.o   4      192       0      
       empty.o                        76     0         0      
    +--+------------------------------+------+---------+---------+
       Total:                         3186   266       237    
                                                              
    C:/TI/mspm0_sdk_2_10_00_04/source/ti/driverlib/lib/ticlang/m0p/mspm0g1x0x_g3x0x/driverlib.a
       dl_timer.o                     356    0         0      
       dl_sysctl_mspm0g1x0x_g3x0x.o   316    0         0      
       dl_uart.o                      90     0         0      
       dl_common.o                    10     0         0      
    +--+------------------------------+------+---------+---------+
       Total:                         772    0         0      
                                                              
    E:\ccs\tools\compiler\ti-cgt-armllvm_4.0.4.LTS\lib\armv6m-ti-none-eabi/c/libc.a
       memcpy16.S.obj                 154    0         0      
       copy_decompress_lzss.c.obj     124    0         0      
       autoinit.c.obj                 60     0         0      
       boot_cortex_m.c.obj            40     0         0      
       copy_zero_init.c.obj           22     0         0      
       copy_decompress_none.c.obj     18     0         0      
       exit.c.obj                     6      0         0      
       pre_init.c.obj                 4      0         0      
    +--+------------------------------+------+---------+---------+
       Total:                         428    0         0      
                                                              
    E:\ccs\tools\compiler\ti-cgt-armllvm_4.0.4.LTS\lib\armv6m-ti-none-eabi/c/libsysbm.a
       hostexit.c.obj                 4      0         0      
    +--+------------------------------+------+---------+---------+
       Total:                         4      0         0      
                                                              
    E:\ccs\tools\compiler\ti-cgt-armllvm_4.0.4.LTS\lib\armv6m-ti-none-eabi/libclang_rt.builtins.a
       aeabi_uidivmod.S.obj           64     0         0      
       aeabi_memcpy.S.obj             8      0         0      
       aeabi_div0.c.obj               2      0         0      
    +--+------------------------------+------+---------+---------+
       Total:                         74     0         0      
                                                              
       Stack:                         0      0         512    
       Linker Generated:              0      46        0      
    +--+------------------------------+------+---------+---------+
       Grand Total:                   4464   312       749    


LINKER GENERATED COPY TABLES

__TI_cinit_table @ 000012a8 records: 2, size/record: 8, table size: 16
	.data: load addr=00001294, load size=0000000a bytes, run addr=202000e8, run size=00000008 bytes, compression=lzss
	.bss: load addr=000012a0, load size=00000008 bytes, run addr=20200000, run size=000000e5 bytes, compression=zero_init


LINKER GENERATED HANDLER TABLE

__TI_handler_table @ 00001288 records: 3, size/record: 4, table size: 12
	index: 0, handler: __TI_decompress_lzss
	index: 1, handler: __TI_decompress_none
	index: 2, handler: __TI_zero_init


GLOBAL SYMBOLS: SORTED ALPHABETICALLY BY Name 

address   name                                 
-------   ----                                 
0000113b  ADC0_IRQHandler                      
00001143  ADC1_IRQHandler                      
0000114b  AES_IRQHandler                       
00001228  C$$EXIT                              
00001153  CANFD0_IRQHandler                    
0000115b  DAC0_IRQHandler                      
00001131  DL_Common_delayCycles                
0000105d  DL_SYSCTL_configFCC                  
00000659  DL_SYSCTL_configSYSPLL               
00000ee5  DL_SYSCTL_switchMCLKfromSYSOSCtoHSCLK
00000369  DL_Timer_initFourCCPWMMode           
00001079  DL_Timer_setCaptCompUpdateMethod     
000010b1  DL_Timer_setCaptureCompareOutCtl     
00001105  DL_Timer_setCaptureCompareValue      
00001095  DL_Timer_setClockConfig              
00000dc5  DL_UART_init                         
000010df  DL_UART_setClockConfig               
00001163  DMA_IRQHandler                       
0000116b  FaultDiagnostics_captureHardFault    
00001125  FaultDiagnostics_setStage            
00001173  GROUP0_IRQHandler                    
0000117b  GROUP1_IRQHandler                    
00001229  HOSTexit                             
0000121d  HardFault_Handler                    
00001183  I2C0_IRQHandler                      
0000118b  I2C1_IRQHandler                      
00001193  NMI_Handler                          
0000119b  PendSV_Handler                       
000011a3  RTC_IRQHandler                       
0000122d  Reset_Handler                        
000011ab  SPI0_IRQHandler                      
000011b3  SPI1_IRQHandler                      
000011bb  SVC_Handler                          
00000e0d  SYSCFG_DL_GPIO_init                  
00000ca1  SYSCFG_DL_PITCH_PWM_init             
0000100d  SYSCFG_DL_SYSCTL_CLK_init            
000000c1  SYSCFG_DL_SYSCTL_SYSPLL_init         
000008c9  SYSCFG_DL_SYSCTL_init                
00000c2d  SYSCFG_DL_TRACKING_UART_init         
00000d0d  SYSCFG_DL_YAW_PWM_init               
00000fe1  SYSCFG_DL_init                       
00000e55  SYSCFG_DL_initPower                  
00000f69  StepperMotor_hold                    
0000080d  StepperMotor_init                    
00000735  StepperMotor_setDirection            
00000971  StepperMotor_setMotorStepRate        
00000b31  StepperMotor_start                   
00001115  SysTick_Handler                      
000011c3  TIMA0_IRQHandler                     
000011cb  TIMA1_IRQHandler                     
000011d3  TIMG0_IRQHandler                     
000011db  TIMG12_IRQHandler                    
000011e3  TIMG6_IRQHandler                     
000011eb  TIMG7_IRQHandler                     
000011f3  TIMG8_IRQHandler                     
00000aad  TrackingController_init              
0000046d  TrackingController_process           
000011fb  UART0_IRQHandler                     
00001203  UART1_IRQHandler                     
00000569  UART2_IRQHandler                     
0000120b  UART3_IRQHandler                     
20208000  __STACK_END                          
00000200  __STACK_SIZE                         
00000000  __TI_ATRegion0_region_sz             
00000000  __TI_ATRegion0_src_addr              
00000000  __TI_ATRegion0_trg_addr              
00000000  __TI_ATRegion1_region_sz             
00000000  __TI_ATRegion1_src_addr              
00000000  __TI_ATRegion1_trg_addr              
00000000  __TI_ATRegion2_region_sz             
00000000  __TI_ATRegion2_src_addr              
00000000  __TI_ATRegion2_trg_addr              
000012a8  __TI_CINIT_Base                      
000012b8  __TI_CINIT_Limit                     
000012b8  __TI_CINIT_Warm                      
00001288  __TI_Handler_Table_Base              
00001294  __TI_Handler_Table_Limit             
00000fa5  __TI_auto_init_nobinit_nopinit       
00000bb1  __TI_decompress_lzss                 
000010f1  __TI_decompress_none                 
ffffffff  __TI_pprof_out_hndl                  
ffffffff  __TI_prof_data_size                  
ffffffff  __TI_prof_data_start                 
00000000  __TI_static_base__                   
000010c9  __TI_zero_init_nomemset              
00000aab  __aeabi_idiv0                        
00001215  __aeabi_memcpy                       
00001215  __aeabi_memcpy4                      
00001215  __aeabi_memcpy8                      
00000f29  __aeabi_uidiv                        
00000f29  __aeabi_uidivmod                     
ffffffff  __binit__                            
UNDEFED   __mpu_init                           
20207e00  __stack                              
20200000  __start___llvm_prf_bits              
20200000  __start___llvm_prf_cnts              
20200000  __stop___llvm_prf_bits               
20200000  __stop___llvm_prf_cnts               
00001035  _c_int00_noargs                      
UNDEFED   _system_post_cinit                   
00001231  _system_pre_init                     
00001223  abort                                
ffffffff  binit                                
202000a0  gFaultInfo                           
202000d4  gStartupStage                        
20200000  gYAW_PWMBackup                       
00000000  interruptVectors                     
00000d79  main                                 
00000a11  memcpy                               


GLOBAL SYMBOLS: SORTED BY Symbol Address 

address   name                                 
-------   ----                                 
00000000  __TI_ATRegion0_region_sz             
00000000  __TI_ATRegion0_src_addr              
00000000  __TI_ATRegion0_trg_addr              
00000000  __TI_ATRegion1_region_sz             
00000000  __TI_ATRegion1_src_addr              
00000000  __TI_ATRegion1_trg_addr              
00000000  __TI_ATRegion2_region_sz             
00000000  __TI_ATRegion2_src_addr              
00000000  __TI_ATRegion2_trg_addr              
00000000  __TI_static_base__                   
00000000  interruptVectors                     
000000c1  SYSCFG_DL_SYSCTL_SYSPLL_init         
00000200  __STACK_SIZE                         
00000369  DL_Timer_initFourCCPWMMode           
0000046d  TrackingController_process           
00000569  UART2_IRQHandler                     
00000659  DL_SYSCTL_configSYSPLL               
00000735  StepperMotor_setDirection            
0000080d  StepperMotor_init                    
000008c9  SYSCFG_DL_SYSCTL_init                
00000971  StepperMotor_setMotorStepRate        
00000a11  memcpy                               
00000aab  __aeabi_idiv0                        
00000aad  TrackingController_init              
00000b31  StepperMotor_start                   
00000bb1  __TI_decompress_lzss                 
00000c2d  SYSCFG_DL_TRACKING_UART_init         
00000ca1  SYSCFG_DL_PITCH_PWM_init             
00000d0d  SYSCFG_DL_YAW_PWM_init               
00000d79  main                                 
00000dc5  DL_UART_init                         
00000e0d  SYSCFG_DL_GPIO_init                  
00000e55  SYSCFG_DL_initPower                  
00000ee5  DL_SYSCTL_switchMCLKfromSYSOSCtoHSCLK
00000f29  __aeabi_uidiv                        
00000f29  __aeabi_uidivmod                     
00000f69  StepperMotor_hold                    
00000fa5  __TI_auto_init_nobinit_nopinit       
00000fe1  SYSCFG_DL_init                       
0000100d  SYSCFG_DL_SYSCTL_CLK_init            
00001035  _c_int00_noargs                      
0000105d  DL_SYSCTL_configFCC                  
00001079  DL_Timer_setCaptCompUpdateMethod     
00001095  DL_Timer_setClockConfig              
000010b1  DL_Timer_setCaptureCompareOutCtl     
000010c9  __TI_zero_init_nomemset              
000010df  DL_UART_setClockConfig               
000010f1  __TI_decompress_none                 
00001105  DL_Timer_setCaptureCompareValue      
00001115  SysTick_Handler                      
00001125  FaultDiagnostics_setStage            
00001131  DL_Common_delayCycles                
0000113b  ADC0_IRQHandler                      
00001143  ADC1_IRQHandler                      
0000114b  AES_IRQHandler                       
00001153  CANFD0_IRQHandler                    
0000115b  DAC0_IRQHandler                      
00001163  DMA_IRQHandler                       
0000116b  FaultDiagnostics_captureHardFault    
00001173  GROUP0_IRQHandler                    
0000117b  GROUP1_IRQHandler                    
00001183  I2C0_IRQHandler                      
0000118b  I2C1_IRQHandler                      
00001193  NMI_Handler                          
0000119b  PendSV_Handler                       
000011a3  RTC_IRQHandler                       
000011ab  SPI0_IRQHandler                      
000011b3  SPI1_IRQHandler                      
000011bb  SVC_Handler                          
000011c3  TIMA0_IRQHandler                     
000011cb  TIMA1_IRQHandler                     
000011d3  TIMG0_IRQHandler                     
000011db  TIMG12_IRQHandler                    
000011e3  TIMG6_IRQHandler                     
000011eb  TIMG7_IRQHandler                     
000011f3  TIMG8_IRQHandler                     
000011fb  UART0_IRQHandler                     
00001203  UART1_IRQHandler                     
0000120b  UART3_IRQHandler                     
00001215  __aeabi_memcpy                       
00001215  __aeabi_memcpy4                      
00001215  __aeabi_memcpy8                      
0000121d  HardFault_Handler                    
00001223  abort                                
00001228  C$$EXIT                              
00001229  HOSTexit                             
0000122d  Reset_Handler                        
00001231  _system_pre_init                     
00001288  __TI_Handler_Table_Base              
00001294  __TI_Handler_Table_Limit             
000012a8  __TI_CINIT_Base                      
000012b8  __TI_CINIT_Limit                     
000012b8  __TI_CINIT_Warm                      
20200000  __start___llvm_prf_bits              
20200000  __start___llvm_prf_cnts              
20200000  __stop___llvm_prf_bits               
20200000  __stop___llvm_prf_cnts               
20200000  gYAW_PWMBackup                       
202000a0  gFaultInfo                           
202000d4  gStartupStage                        
20207e00  __stack                              
20208000  __STACK_END                          
ffffffff  __TI_pprof_out_hndl                  
ffffffff  __TI_prof_data_size                  
ffffffff  __TI_prof_data_start                 
ffffffff  __binit__                            
ffffffff  binit                                
UNDEFED   __mpu_init                           
UNDEFED   _system_post_cinit                   

[109 symbols]
