******************************************************************************
            TI ARM Clang Linker PC v4.0.4                      
******************************************************************************
>> Linked Sun Jul 12 18:12:24 2026

OUTPUT FILE NAME:   <driver.out>
ENTRY POINT SYMBOL: "_c_int00_noargs"  address: 00001165


MEMORY CONFIGURATION

         name            origin    length      used     unused   attr    fill
----------------------  --------  ---------  --------  --------  ----  --------
  FLASH                 00000000   00020000  00001308  0001ecf8  R  X
  SRAM                  20200000   00008000  000002c9  00007d37  RW X
  BCR_CONFIG            41c00000   000000ff  00000000  000000ff  R   
  BSL_CONFIG            41c00100   00000080  00000000  00000080  R   


SEGMENT ALLOCATION MAP

run origin  load origin   length   init length attrs members
----------  ----------- ---------- ----------- ----- -------
00000000    00000000    00001308   00001308    r-x
  00000000    00000000    000000c0   000000c0    r-- .intvecs
  000000c0    000000c0    000011c8   000011c8    r-x .text
  00001288    00001288    00000050   00000050    r-- .rodata
  000012d8    000012d8    00000030   00000030    r-- .cinit
20200000    20200000    000000cc   00000000    rw-
  20200000    20200000    000000c1   00000000    rw- .bss
  202000c4    202000c4    00000008   00000000    rw- .data
20207e00    20207e00    00000200   00000000    rw-
  20207e00    20207e00    00000200   00000000    rw- .stack


SECTION ALLOCATION MAP

 output                                  attributes/
section   page    origin      length       input sections
--------  ----  ----------  ----------   ----------------
.intvecs   0    00000000    000000c0     
                  00000000    000000c0     startup_mspm0g350x_ticlang.o (.intvecs)

.text      0    000000c0    000011c8     
                  000000c0    000002a8     ti_msp_dl_config.o (.text.SYSCFG_DL_SYSCTL_SYSPLL_init)
                  00000368    00000164     empty.o (.text.main)
                  000004cc    00000104     driverlib.a : dl_timer.o (.text.DL_Timer_initFourCCPWMMode)
                  000005d0    000000fc     tracking_controller.o (.text.TrackingController_process)
                  000006cc    000000f0     tracking_controller.o (.text.UART2_IRQHandler)
                  000007bc    000000dc     driverlib.a : dl_sysctl_mspm0g1x0x_g3x0x.o (.text.DL_SYSCTL_configSYSPLL)
                  00000898    000000d8     stepper_motor.o (.text.StepperMotor_setDirection)
                  00000970    000000bc     stepper_motor.o (.text.StepperMotor_init)
                  00000a2c    000000a8     ti_msp_dl_config.o (.text.SYSCFG_DL_SYSCTL_init)
                  00000ad4    000000a0     stepper_motor.o (.text.StepperMotor_setMotorStepRate)
                  00000b74    0000009a     libc.a : memcpy16.S.obj (.text:memcpy)
                  00000c0e    00000002     startup_mspm0g350x_ticlang.o (.text.Default_Handler)
                  00000c10    00000084     tracking_controller.o (.text.TrackingController_init)
                  00000c94    00000080     stepper_motor.o (.text.StepperMotor_start)
                  00000d14    0000007c     libc.a : copy_decompress_lzss.c.obj (.text:decompress:lzss)
                  00000d90    00000074     ti_msp_dl_config.o (.text.SYSCFG_DL_TRACKING_UART_init)
                  00000e04    0000006c     ti_msp_dl_config.o (.text.SYSCFG_DL_PITCH_PWM_init)
                  00000e70    0000006c     ti_msp_dl_config.o (.text.SYSCFG_DL_YAW_PWM_init)
                  00000edc    00000048     driverlib.a : dl_uart.o (.text.DL_UART_init)
                  00000f24    00000048     ti_msp_dl_config.o (.text.SYSCFG_DL_GPIO_init)
                  00000f6c    00000048     ti_msp_dl_config.o (.text.SYSCFG_DL_initPower)
                  00000fb4    00000044     driverlib.a : dl_sysctl_mspm0g1x0x_g3x0x.o (.text.DL_SYSCTL_switchMCLKfromSYSOSCtoHSCLK)
                  00000ff8    00000040     libclang_rt.builtins.a : aeabi_uidivmod.S.obj (.text.__aeabi_uidivmod)
                  00001038    0000003c     stepper_motor.o (.text.StepperMotor_hold)
                  00001074    0000003c     libc.a : autoinit.c.obj (.text:__TI_auto_init_nobinit_nopinit)
                  000010b0    00000030     driverlib.a : dl_uart.o (.text.DL_UART_transmitDataBlocking)
                  000010e0    00000030     tracking_controller.o (.text.TrackingController_getStatus)
                  00001110    0000002c     ti_msp_dl_config.o (.text.SYSCFG_DL_init)
                  0000113c    00000028     ti_msp_dl_config.o (.text.SYSCFG_DL_SYSCTL_CLK_init)
                  00001164    00000028     libc.a : boot_cortex_m.c.obj (.text:_c_int00_noargs)
                  0000118c    0000001c     driverlib.a : dl_sysctl_mspm0g1x0x_g3x0x.o (.text.DL_SYSCTL_configFCC)
                  000011a8    0000001c                 : dl_timer.o (.text.DL_Timer_setCaptCompUpdateMethod)
                  000011c4    0000001c                 : dl_timer.o (.text.DL_Timer_setClockConfig)
                  000011e0    00000018                 : dl_timer.o (.text.DL_Timer_setCaptureCompareOutCtl)
                  000011f8    00000016     libc.a : copy_zero_init.c.obj (.text:decompress:ZI:__TI_zero_init_nomemset)
                  0000120e    00000012     driverlib.a : dl_uart.o (.text.DL_UART_setClockConfig)
                  00001220    00000012     libc.a : copy_decompress_none.c.obj (.text:decompress:none)
                  00001232    00000002     libclang_rt.builtins.a : aeabi_div0.c.obj (.text.__aeabi_idiv0)
                  00001234    00000010     driverlib.a : dl_timer.o (.text.DL_Timer_setCaptureCompareValue)
                  00001244    00000010     tracking_controller.o (.text.SysTick_Handler)
                  00001254    0000000c     tracking_controller.o (.text.TrackingController_getMilliseconds)
                  00001260    0000000a     driverlib.a : dl_common.o (.text.DL_Common_delayCycles)
                  0000126a    00000002     --HOLE-- [fill = 0]
                  0000126c    00000008     libclang_rt.builtins.a : aeabi_memcpy.S.obj (.text.__aeabi_memcpy)
                  00001274    00000006     libc.a : exit.c.obj (.text:abort)
                  0000127a    00000004     libsysbm.a : hostexit.c.obj (.text.HOSTexit)
                  0000127e    00000004     startup_mspm0g350x_ticlang.o (.text.Reset_Handler)
                  00001282    00000004     libc.a : pre_init.c.obj (.text._system_pre_init)
                  00001286    00000002     --HOLE-- [fill = 0]

.cinit     0    000012d8    00000030     
                  000012d8    0000000c     (__TI_handler_table)
                  000012e4    0000000a     (.cinit..data.load) [load image, compression = lzss]
                  000012ee    00000002     --HOLE-- [fill = 0]
                  000012f0    00000008     (.cinit..bss.load) [load image, compression = zero_init]
                  000012f8    00000010     (__TI_cinit_table)

.rodata    0    00001288    00000050     
                  00001288    00000028     ti_msp_dl_config.o (.rodata.gSYSPLLConfig)
                  000012b0    0000000a     ti_msp_dl_config.o (.rodata.gTRACKING_UARTConfig)
                  000012ba    00000002     ti_msp_dl_config.o (.rodata.gTRACKING_UARTClockConfig)
                  000012bc    00000008     ti_msp_dl_config.o (.rodata.gPITCH_PWMConfig)
                  000012c4    00000008     ti_msp_dl_config.o (.rodata.gYAW_PWMConfig)
                  000012cc    00000003     ti_msp_dl_config.o (.rodata.gPITCH_PWMClockConfig)
                  000012cf    00000003     ti_msp_dl_config.o (.rodata.gYAW_PWMClockConfig)
                  000012d2    00000006     --HOLE-- [fill = 0]

.init_array 
*          0    00000000    00000000     UNINITIALIZED

.binit     0    00000000    00000000     

.bss       0    20200000    000000c1     UNINITIALIZED
                  20200000    000000a0     (.common:gYAW_PWMBackup)
                  202000a0    00000004     tracking_controller.o (.bss.gInvalidFrameCount)
                  202000a4    00000004     tracking_controller.o (.bss.gLastFrameTime)
                  202000a8    00000004     tracking_controller.o (.bss.gMilliseconds)
                  202000ac    00000004     tracking_controller.o (.bss.gPayload)
                  202000b0    00000004     tracking_controller.o (.bss.gValidFrameCount)
                  202000b4    00000002     tracking_controller.o (.bss.gErrX)
                  202000b6    00000002     tracking_controller.o (.bss.gErrY)
                  202000b8    00000002     tracking_controller.o (.bss.gPendingErrX)
                  202000ba    00000002     tracking_controller.o (.bss.gPendingErrY)
                  202000bc    00000001     stepper_motor.o (.bss.gDirectionMask)
                  202000bd    00000001     stepper_motor.o (.bss.gEnabledMask)
                  202000be    00000001     tracking_controller.o (.bss.gFrameReady)
                  202000bf    00000001     tracking_controller.o (.bss.gParserState)
                  202000c0    00000001     stepper_motor.o (.bss.gRunningMask)

.data      0    202000c4    00000008     UNINITIALIZED
                  202000c4    00000008     stepper_motor.o (.data.gStepRate)

.stack     0    20207e00    00000200     UNINITIALIZED
                  20207e00    00000004     libc.a : boot_cortex_m.c.obj (.stack)
                  20207e04    000001fc     --HOLE--

__llvm_prf_cnts 
*          0    20200000    00000000     UNINITIALIZED

__llvm_prf_bits 
*          0    20200000    00000000     UNINITIALIZED

MODULE SUMMARY

       Module                         code   ro data   rw data
       ------                         ----   -------   -------
    .\
       ti_msp_dl_config.o             1408   74        160    
       stepper_motor.o                752    0         11     
       tracking_controller.o          700    0         30     
       empty.o                        356    0         0      
       startup_mspm0g350x_ticlang.o   6      192       0      
    +--+------------------------------+------+---------+---------+
       Total:                         3222   266       201    
                                                              
    C:/TI/mspm0_sdk_2_10_00_04/source/ti/driverlib/lib/ticlang/m0p/mspm0g1x0x_g3x0x/driverlib.a
       dl_timer.o                     356    0         0      
       dl_sysctl_mspm0g1x0x_g3x0x.o   316    0         0      
       dl_uart.o                      138    0         0      
       dl_common.o                    10     0         0      
    +--+------------------------------+------+---------+---------+
       Total:                         820    0         0      
                                                              
    E:\ccs\tools\compiler\ti-cgt-armllvm_4.0.4.LTS\lib\armv6m-ti-none-eabi/c/libc.a
       memcpy16.S.obj                 154    0         0      
       copy_decompress_lzss.c.obj     124    0         0      
       autoinit.c.obj                 60     0         0      
       boot_cortex_m.c.obj            40     0         0      
       copy_zero_init.c.obj           22     0         0      
       copy_decompress_none.c.obj     18     0         0      
       exit.c.obj                     6      0         0      
       pre_init.c.obj                 4      0         0      
    +--+------------------------------+------+---------+---------+
       Total:                         428    0         0      
                                                              
    E:\ccs\tools\compiler\ti-cgt-armllvm_4.0.4.LTS\lib\armv6m-ti-none-eabi/c/libsysbm.a
       hostexit.c.obj                 4      0         0      
    +--+------------------------------+------+---------+---------+
       Total:                         4      0         0      
                                                              
    E:\ccs\tools\compiler\ti-cgt-armllvm_4.0.4.LTS\lib\armv6m-ti-none-eabi/libclang_rt.builtins.a
       aeabi_uidivmod.S.obj           64     0         0      
       aeabi_memcpy.S.obj             8      0         0      
       aeabi_div0.c.obj               2      0         0      
    +--+------------------------------+------+---------+---------+
       Total:                         74     0         0      
                                                              
       Stack:                         0      0         512    
       Linker Generated:              0      46        0      
    +--+------------------------------+------+---------+---------+
       Grand Total:                   4548   312       713    


LINKER GENERATED COPY TABLES

__TI_cinit_table @ 000012f8 records: 2, size/record: 8, table size: 16
	.data: load addr=000012e4, load size=0000000a bytes, run addr=202000c4, run size=00000008 bytes, compression=lzss
	.bss: load addr=000012f0, load size=00000008 bytes, run addr=20200000, run size=000000c1 bytes, compression=zero_init


LINKER GENERATED HANDLER TABLE

__TI_handler_table @ 000012d8 records: 3, size/record: 4, table size: 12
	index: 0, handler: __TI_decompress_lzss
	index: 1, handler: __TI_decompress_none
	index: 2, handler: __TI_zero_init


GLOBAL SYMBOLS: SORTED ALPHABETICALLY BY Name 

address   name                                 
-------   ----                                 
00000c0f  ADC0_IRQHandler                      
00000c0f  ADC1_IRQHandler                      
00000c0f  AES_IRQHandler                       
0000127a  C$$EXIT                              
00000c0f  CANFD0_IRQHandler                    
00000c0f  DAC0_IRQHandler                      
00001261  DL_Common_delayCycles                
0000118d  DL_SYSCTL_configFCC                  
000007bd  DL_SYSCTL_configSYSPLL               
00000fb5  DL_SYSCTL_switchMCLKfromSYSOSCtoHSCLK
000004cd  DL_Timer_initFourCCPWMMode           
000011a9  DL_Timer_setCaptCompUpdateMethod     
000011e1  DL_Timer_setCaptureCompareOutCtl     
00001235  DL_Timer_setCaptureCompareValue      
000011c5  DL_Timer_setClockConfig              
00000edd  DL_UART_init                         
0000120f  DL_UART_setClockConfig               
000010b1  DL_UART_transmitDataBlocking         
00000c0f  DMA_IRQHandler                       
00000c0f  Default_Handler                      
00000c0f  GROUP0_IRQHandler                    
00000c0f  GROUP1_IRQHandler                    
0000127b  HOSTexit                             
00000c0f  HardFault_Handler                    
00000c0f  I2C0_IRQHandler                      
00000c0f  I2C1_IRQHandler                      
00000c0f  NMI_Handler                          
00000c0f  PendSV_Handler                       
00000c0f  RTC_IRQHandler                       
0000127f  Reset_Handler                        
00000c0f  SPI0_IRQHandler                      
00000c0f  SPI1_IRQHandler                      
00000c0f  SVC_Handler                          
00000f25  SYSCFG_DL_GPIO_init                  
00000e05  SYSCFG_DL_PITCH_PWM_init             
0000113d  SYSCFG_DL_SYSCTL_CLK_init            
000000c1  SYSCFG_DL_SYSCTL_SYSPLL_init         
00000a2d  SYSCFG_DL_SYSCTL_init                
00000d91  SYSCFG_DL_TRACKING_UART_init         
00000e71  SYSCFG_DL_YAW_PWM_init               
00001111  SYSCFG_DL_init                       
00000f6d  SYSCFG_DL_initPower                  
00001039  StepperMotor_hold                    
00000971  StepperMotor_init                    
00000899  StepperMotor_setDirection            
00000ad5  StepperMotor_setMotorStepRate        
00000c95  StepperMotor_start                   
00001245  SysTick_Handler                      
00000c0f  TIMA0_IRQHandler                     
00000c0f  TIMA1_IRQHandler                     
00000c0f  TIMG0_IRQHandler                     
00000c0f  TIMG12_IRQHandler                    
00000c0f  TIMG6_IRQHandler                     
00000c0f  TIMG7_IRQHandler                     
00000c0f  TIMG8_IRQHandler                     
00001255  TrackingController_getMilliseconds   
000010e1  TrackingController_getStatus         
00000c11  TrackingController_init              
000005d1  TrackingController_process           
00000c0f  UART0_IRQHandler                     
00000c0f  UART1_IRQHandler                     
000006cd  UART2_IRQHandler                     
00000c0f  UART3_IRQHandler                     
20208000  __STACK_END                          
00000200  __STACK_SIZE                         
00000000  __TI_ATRegion0_region_sz             
00000000  __TI_ATRegion0_src_addr              
00000000  __TI_ATRegion0_trg_addr              
00000000  __TI_ATRegion1_region_sz             
00000000  __TI_ATRegion1_src_addr              
00000000  __TI_ATRegion1_trg_addr              
00000000  __TI_ATRegion2_region_sz             
00000000  __TI_ATRegion2_src_addr              
00000000  __TI_ATRegion2_trg_addr              
000012f8  __TI_CINIT_Base                      
00001308  __TI_CINIT_Limit                     
00001308  __TI_CINIT_Warm                      
000012d8  __TI_Handler_Table_Base              
000012e4  __TI_Handler_Table_Limit             
00001075  __TI_auto_init_nobinit_nopinit       
00000d15  __TI_decompress_lzss                 
00001221  __TI_decompress_none                 
ffffffff  __TI_pprof_out_hndl                  
ffffffff  __TI_prof_data_size                  
ffffffff  __TI_prof_data_start                 
00000000  __TI_static_base__                   
000011f9  __TI_zero_init_nomemset              
00001233  __aeabi_idiv0                        
0000126d  __aeabi_memcpy                       
0000126d  __aeabi_memcpy4                      
0000126d  __aeabi_memcpy8                      
00000ff9  __aeabi_uidiv                        
00000ff9  __aeabi_uidivmod                     
ffffffff  __binit__                            
UNDEFED   __mpu_init                           
20207e00  __stack                              
20200000  __start___llvm_prf_bits              
20200000  __start___llvm_prf_cnts              
20200000  __stop___llvm_prf_bits               
20200000  __stop___llvm_prf_cnts               
00001165  _c_int00_noargs                      
UNDEFED   _system_post_cinit                   
00001283  _system_pre_init                     
00001275  abort                                
ffffffff  binit                                
20200000  gYAW_PWMBackup                       
00000000  interruptVectors                     
00000369  main                                 
00000b75  memcpy                               


GLOBAL SYMBOLS: SORTED BY Symbol Address 

address   name                                 
-------   ----                                 
00000000  __TI_ATRegion0_region_sz             
00000000  __TI_ATRegion0_src_addr              
00000000  __TI_ATRegion0_trg_addr              
00000000  __TI_ATRegion1_region_sz             
00000000  __TI_ATRegion1_src_addr              
00000000  __TI_ATRegion1_trg_addr              
00000000  __TI_ATRegion2_region_sz             
00000000  __TI_ATRegion2_src_addr              
00000000  __TI_ATRegion2_trg_addr              
00000000  __TI_static_base__                   
00000000  interruptVectors                     
000000c1  SYSCFG_DL_SYSCTL_SYSPLL_init         
00000200  __STACK_SIZE                         
00000369  main                                 
000004cd  DL_Timer_initFourCCPWMMode           
000005d1  TrackingController_process           
000006cd  UART2_IRQHandler                     
000007bd  DL_SYSCTL_configSYSPLL               
00000899  StepperMotor_setDirection            
00000971  StepperMotor_init                    
00000a2d  SYSCFG_DL_SYSCTL_init                
00000ad5  StepperMotor_setMotorStepRate        
00000b75  memcpy                               
00000c0f  ADC0_IRQHandler                      
00000c0f  ADC1_IRQHandler                      
00000c0f  AES_IRQHandler                       
00000c0f  CANFD0_IRQHandler                    
00000c0f  DAC0_IRQHandler                      
00000c0f  DMA_IRQHandler                       
00000c0f  Default_Handler                      
00000c0f  GROUP0_IRQHandler                    
00000c0f  GROUP1_IRQHandler                    
00000c0f  HardFault_Handler                    
00000c0f  I2C0_IRQHandler                      
00000c0f  I2C1_IRQHandler                      
00000c0f  NMI_Handler                          
00000c0f  PendSV_Handler                       
00000c0f  RTC_IRQHandler                       
00000c0f  SPI0_IRQHandler                      
00000c0f  SPI1_IRQHandler                      
00000c0f  SVC_Handler                          
00000c0f  TIMA0_IRQHandler                     
00000c0f  TIMA1_IRQHandler                     
00000c0f  TIMG0_IRQHandler                     
00000c0f  TIMG12_IRQHandler                    
00000c0f  TIMG6_IRQHandler                     
00000c0f  TIMG7_IRQHandler                     
00000c0f  TIMG8_IRQHandler                     
00000c0f  UART0_IRQHandler                     
00000c0f  UART1_IRQHandler                     
00000c0f  UART3_IRQHandler                     
00000c11  TrackingController_init              
00000c95  StepperMotor_start                   
00000d15  __TI_decompress_lzss                 
00000d91  SYSCFG_DL_TRACKING_UART_init         
00000e05  SYSCFG_DL_PITCH_PWM_init             
00000e71  SYSCFG_DL_YAW_PWM_init               
00000edd  DL_UART_init                         
00000f25  SYSCFG_DL_GPIO_init                  
00000f6d  SYSCFG_DL_initPower                  
00000fb5  DL_SYSCTL_switchMCLKfromSYSOSCtoHSCLK
00000ff9  __aeabi_uidiv                        
00000ff9  __aeabi_uidivmod                     
00001039  StepperMotor_hold                    
00001075  __TI_auto_init_nobinit_nopinit       
000010b1  DL_UART_transmitDataBlocking         
000010e1  TrackingController_getStatus         
00001111  SYSCFG_DL_init                       
0000113d  SYSCFG_DL_SYSCTL_CLK_init            
00001165  _c_int00_noargs                      
0000118d  DL_SYSCTL_configFCC                  
000011a9  DL_Timer_setCaptCompUpdateMethod     
000011c5  DL_Timer_setClockConfig              
000011e1  DL_Timer_setCaptureCompareOutCtl     
000011f9  __TI_zero_init_nomemset              
0000120f  DL_UART_setClockConfig               
00001221  __TI_decompress_none                 
00001233  __aeabi_idiv0                        
00001235  DL_Timer_setCaptureCompareValue      
00001245  SysTick_Handler                      
00001255  TrackingController_getMilliseconds   
00001261  DL_Common_delayCycles                
0000126d  __aeabi_memcpy                       
0000126d  __aeabi_memcpy4                      
0000126d  __aeabi_memcpy8                      
00001275  abort                                
0000127a  C$$EXIT                              
0000127b  HOSTexit                             
0000127f  Reset_Handler                        
00001283  _system_pre_init                     
000012d8  __TI_Handler_Table_Base              
000012e4  __TI_Handler_Table_Limit             
000012f8  __TI_CINIT_Base                      
00001308  __TI_CINIT_Limit                     
00001308  __TI_CINIT_Warm                      
20200000  __start___llvm_prf_bits              
20200000  __start___llvm_prf_cnts              
20200000  __stop___llvm_prf_bits               
20200000  __stop___llvm_prf_cnts               
20200000  gYAW_PWMBackup                       
20207e00  __stack                              
20208000  __STACK_END                          
ffffffff  __TI_pprof_out_hndl                  
ffffffff  __TI_prof_data_size                  
ffffffff  __TI_prof_data_start                 
ffffffff  __binit__                            
ffffffff  binit                                
UNDEFED   __mpu_init                           
UNDEFED   _system_post_cinit                   

[109 symbols]
